{'PATH_MOD': '/root/projects/DiffSTG/output/model/', 'PATH_LOG': '/root/projects/DiffSTG/output/log/', 'PATH_FORECAST': '/root/projects/DiffSTG/output/forecast/', 'data': {'name': 'PEMS08', 'path': '/root/projects/DiffSTG/data/dataset/', 'feature_file': '/root/projects/DiffSTG/data/dataset/PEMS08/flow.npy', 'spatial': '/root/projects/DiffSTG/data/dataset/PEMS08/adj.npy', 'num_recent': 1, 'num_features': 1, 'num_vertices': 170, 'points_per_hour': 12, 'val_start_idx': 10713, 'test_start_idx': 14284}, 'gpu_id': 0, 'model': {'T_p': 12, 'T_h': 12, 'V': 170, 'F': 1, 'week_len': 7, 'day_len': 288, 'device': device(type='cuda', index=0), 'd_h': 32, 'N': 200, 'sample_steps': 200, 'epsilon_theta': 'UGnet', 'is_label_condition': True, 'beta_end': 0.1, 'beta_schedule': 'quad', 'sample_strategy': 'ddpm', 'channel_multipliers': [1, 2], 'supports_len': 2, 'C': 32, 'n_channels': 32}, 'n_samples': 8, 'model_name': 'DiffSTG', 'is_test': False, 'epoch': 300, 'optimizer': 'adam', 'lr': 0.002, 'batch_size': 8, 'wd': 1e-05, 'early_stop': 10, 'start_epoch': 0, 'device': device(type='cuda', index=0), 'logger': <utils.common_utils.Logger object at 0x7f157267c8d0>, 'nni': False, 'mask_ratio': 0.0, 'seed': 2024, 'test_batch_size': 8, 'val_subset': 512, 'T_h': 12, 'T_p': 12, 'trial_name': 'PEMS08_UGnet_N200_ss200_h32_bs8_lr0.002_se0_e300_s2024_51bc02', 'log_path': '/root/projects/DiffSTG/output/log/PEMS08_UGnet_N200_ss200_h32_bs8_lr0.002_se0_e300_s2024_51bc02.log'}
model path:/root/projects/DiffSTG/output/model/PEMS08_UGnet_N200_ss200_h32_bs8_lr0.002_se0_e300_s2024_51bc02.dm4stg
forecast_path:/root/projects/DiffSTG/output/model/PEMS08_UGnet_N200_ss200_h32_bs8_lr0.002_se0_e300_s2024_51bc02.dm4stg
DiffSTG(
  (eps_model): UGnet(
    (down): ModuleList(
      (0-1): 2 x DownBlock(
        (res): ResidualBlock(
          (tcn1): TcnBlock(
            (conv): Conv2d(32, 32, kernel_size=(3, 3), stride=(1, 1), padding=(1, 2))
            (chomp): Chomp()
            (drop): Dropout(p=0.0, inplace=False)
            (net): Sequential(
              (0): Conv2d(32, 32, kernel_size=(3, 3), stride=(1, 1), padding=(1, 2))
              (1): Chomp()
              (2): Dropout(p=0.0, inplace=False)
            )
          )
          (tcn2): TcnBlock(
            (conv): Conv2d(32, 32, kernel_size=(3, 3), stride=(1, 1), padding=(1, 2))
            (chomp): Chomp()
            (drop): Dropout(p=0.0, inplace=False)
            (net): Sequential(
              (0): Conv2d(32, 32, kernel_size=(3, 3), stride=(1, 1), padding=(1, 2))
              (1): Chomp()
              (2): Dropout(p=0.0, inplace=False)
            )
          )
          (shortcut): Identity()
          (t_conv): Conv2d(32, 32, kernel_size=(1, 1), stride=(1, 1))
          (spatial): SpatialBlock()
          (norm): LayerNorm((170, 32), eps=1e-05, elementwise_affine=True)
        )
      )
      (2): Downsample(
        (conv): Conv2d(32, 32, kernel_size=(1, 3), stride=(1, 2), padding=(0, 1))
      )
      (3): DownBlock(
        (res): ResidualBlock(
          (tcn1): TcnBlock(
            (conv): Conv2d(32, 64, kernel_size=(3, 3), stride=(1, 1), padding=(1, 2))
            (chomp): Chomp()
            (drop): Dropout(p=0.0, inplace=False)
            (net): Sequential(
              (0): Conv2d(32, 64, kernel_size=(3, 3), stride=(1, 1), padding=(1, 2))
              (1): Chomp()
              (2): Dropout(p=0.0, inplace=False)
            )
            (shortcut): Conv2d(32, 64, kernel_size=(1, 1), stride=(1, 1))
          )
          (tcn2): TcnBlock(
            (conv): Conv2d(64, 64, kernel_size=(3, 3), stride=(1, 1), padding=(1, 2))
            (chomp): Chomp()
            (drop): Dropout(p=0.0, inplace=False)
            (net): Sequential(
              (0): Conv2d(64, 64, kernel_size=(3, 3), stride=(1, 1), padding=(1, 2))
              (1): Chomp()
              (2): Dropout(p=0.0, inplace=False)
            )
          )
          (shortcut): Conv2d(32, 64, kernel_size=(1, 1), stride=(1, 1))
          (t_conv): Conv2d(32, 64, kernel_size=(1, 1), stride=(1, 1))
          (spatial): SpatialBlock()
          (norm): LayerNorm((170, 64), eps=1e-05, elementwise_affine=True)
        )
      )
      (4): DownBlock(
        (res): ResidualBlock(
          (tcn1): TcnBlock(
            (conv): Conv2d(64, 64, kernel_size=(3, 3), stride=(1, 1), padding=(1, 2))
            (chomp): Chomp()
            (drop): Dropout(p=0.0, inplace=False)
            (net): Sequential(
              (0): Conv2d(64, 64, kernel_size=(3, 3), stride=(1, 1), padding=(1, 2))
              (1): Chomp()
              (2): Dropout(p=0.0, inplace=False)
            )
          )
          (tcn2): TcnBlock(
            (conv): Conv2d(64, 64, kernel_size=(3, 3), stride=(1, 1), padding=(1, 2))
            (chomp): Chomp()
            (drop): Dropout(p=0.0, inplace=False)
            (net): Sequential(
              (0): Conv2d(64, 64, kernel_size=(3, 3), stride=(1, 1), padding=(1, 2))
              (1): Chomp()
              (2): Dropout(p=0.0, inplace=False)
            )
          )
          (shortcut): Identity()
          (t_conv): Conv2d(32, 64, kernel_size=(1, 1), stride=(1, 1))
          (spatial): SpatialBlock()
          (norm): LayerNorm((170, 64), eps=1e-05, elementwise_affine=True)
        )
      )
    )
    (middle): MiddleBlock(
      (res1): ResidualBlock(
        (tcn1): TcnBlock(
          (conv): Conv2d(64, 64, kernel_size=(3, 3), stride=(1, 1), padding=(1, 2))
          (chomp): Chomp()
          (drop): Dropout(p=0.0, inplace=False)
          (net): Sequential(
            (0): Conv2d(64, 64, kernel_size=(3, 3), stride=(1, 1), padding=(1, 2))
            (1): Chomp()
            (2): Dropout(p=0.0, inplace=False)
          )
        )
        (tcn2): TcnBlock(
          (conv): Conv2d(64, 64, kernel_size=(3, 3), stride=(1, 1), padding=(1, 2))
          (chomp): Chomp()
          (drop): Dropout(p=0.0, inplace=False)
          (net): Sequential(
            (0): Conv2d(64, 64, kernel_size=(3, 3), stride=(1, 1), padding=(1, 2))
            (1): Chomp()
            (2): Dropout(p=0.0, inplace=False)
          )
        )
        (shortcut): Identity()
        (t_conv): Conv2d(32, 64, kernel_size=(1, 1), stride=(1, 1))
        (spatial): SpatialBlock()
        (norm): LayerNorm((170, 64), eps=1e-05, elementwise_affine=True)
      )
      (res2): ResidualBlock(
        (tcn1): TcnBlock(
          (conv): Conv2d(64, 64, kernel_size=(3, 3), stride=(1, 1), padding=(1, 2))
          (chomp): Chomp()
          (drop): Dropout(p=0.0, inplace=False)
          (net): Sequential(
            (0): Conv2d(64, 64, kernel_size=(3, 3), stride=(1, 1), padding=(1, 2))
            (1): Chomp()
            (2): Dropout(p=0.0, inplace=False)
          )
        )
        (tcn2): TcnBlock(
          (conv): Conv2d(64, 64, kernel_size=(3, 3), stride=(1, 1), padding=(1, 2))
          (chomp): Chomp()
          (drop): Dropout(p=0.0, inplace=False)
          (net): Sequential(
            (0): Conv2d(64, 64, kernel_size=(3, 3), stride=(1, 1), padding=(1, 2))
            (1): Chomp()
            (2): Dropout(p=0.0, inplace=False)
          )
        )
        (shortcut): Identity()
        (t_conv): Conv2d(32, 64, kernel_size=(1, 1), stride=(1, 1))
        (spatial): SpatialBlock()
        (norm): LayerNorm((170, 64), eps=1e-05, elementwise_affine=True)
      )
    )
    (up): ModuleList(
      (0-1): 2 x UpBlock(
        (res): ResidualBlock(
          (tcn1): TcnBlock(
            (conv): Conv2d(128, 64, kernel_size=(3, 3), stride=(1, 1), padding=(1, 2))
            (chomp): Chomp()
            (drop): Dropout(p=0.0, inplace=False)
            (net): Sequential(
              (0): Conv2d(128, 64, kernel_size=(3, 3), stride=(1, 1), padding=(1, 2))
              (1): Chomp()
              (2): Dropout(p=0.0, inplace=False)
            )
            (shortcut): Conv2d(128, 64, kernel_size=(1, 1), stride=(1, 1))
          )
          (tcn2): TcnBlock(
            (conv): Conv2d(64, 64, kernel_size=(3, 3), stride=(1, 1), padding=(1, 2))
            (chomp): Chomp()
            (drop): Dropout(p=0.0, inplace=False)
            (net): Sequential(
              (0): Conv2d(64, 64, kernel_size=(3, 3), stride=(1, 1), padding=(1, 2))
              (1): Chomp()
              (2): Dropout(p=0.0, inplace=False)
            )
          )
          (shortcut): Conv2d(128, 64, kernel_size=(1, 1), stride=(1, 1))
          (t_conv): Conv2d(32, 64, kernel_size=(1, 1), stride=(1, 1))
          (spatial): SpatialBlock()
          (norm): LayerNorm((170, 64), eps=1e-05, elementwise_affine=True)
        )
      )
      (2): UpBlock(
        (res): ResidualBlock(
          (tcn1): TcnBlock(
            (conv): Conv2d(96, 32, kernel_size=(3, 3), stride=(1, 1), padding=(1, 2))
            (chomp): Chomp()
            (drop): Dropout(p=0.0, inplace=False)
            (net): Sequential(
              (0): Conv2d(96, 32, kernel_size=(3, 3), stride=(1, 1), padding=(1, 2))
              (1): Chomp()
              (2): Dropout(p=0.0, inplace=False)
            )
            (shortcut): Conv2d(96, 32, kernel_size=(1, 1), stride=(1, 1))
          )
          (tcn2): TcnBlock(
            (conv): Conv2d(32, 32, kernel_size=(3, 3), stride=(1, 1), padding=(1, 2))
            (chomp): Chomp()
            (drop): Dropout(p=0.0, inplace=False)
            (net): Sequential(
              (0): Conv2d(32, 32, kernel_size=(3, 3), stride=(1, 1), padding=(1, 2))
              (1): Chomp()
              (2): Dropout(p=0.0, inplace=False)
            )
          )
          (shortcut): Conv2d(96, 32, kernel_size=(1, 1), stride=(1, 1))
          (t_conv): Conv2d(32, 32, kernel_size=(1, 1), stride=(1, 1))
          (spatial): SpatialBlock()
          (norm): LayerNorm((170, 32), eps=1e-05, elementwise_affine=True)
        )
      )
      (3): Upsample(
        (conv): ConvTranspose2d(32, 32, kernel_size=(1, 4), stride=(1, 2), padding=(0, 1))
      )
      (4-6): 3 x UpBlock(
        (res): ResidualBlock(
          (tcn1): TcnBlock(
            (conv): Conv2d(64, 32, kernel_size=(3, 3), stride=(1, 1), padding=(1, 2))
            (chomp): Chomp()
            (drop): Dropout(p=0.0, inplace=False)
            (net): Sequential(
              (0): Conv2d(64, 32, kernel_size=(3, 3), stride=(1, 1), padding=(1, 2))
              (1): Chomp()
              (2): Dropout(p=0.0, inplace=False)
            )
            (shortcut): Conv2d(64, 32, kernel_size=(1, 1), stride=(1, 1))
          )
          (tcn2): TcnBlock(
            (conv): Conv2d(32, 32, kernel_size=(3, 3), stride=(1, 1), padding=(1, 2))
            (chomp): Chomp()
            (drop): Dropout(p=0.0, inplace=False)
            (net): Sequential(
              (0): Conv2d(32, 32, kernel_size=(3, 3), stride=(1, 1), padding=(1, 2))
              (1): Chomp()
              (2): Dropout(p=0.0, inplace=False)
            )
          )
          (shortcut): Conv2d(64, 32, kernel_size=(1, 1), stride=(1, 1))
          (t_conv): Conv2d(32, 32, kernel_size=(1, 1), stride=(1, 1))
          (spatial): SpatialBlock()
          (norm): LayerNorm((170, 32), eps=1e-05, elementwise_affine=True)
        )
      )
    )
    (x_proj): Conv2d(1, 32, kernel_size=(1, 1), stride=(1, 1))
    (out): Sequential(
      (0): Conv2d(32, 1, kernel_size=(1, 1), stride=(1, 1))
      (1): Linear(in_features=48, out_features=24, bias=True)
    )
  )
)Num_of_parameters:996793
      |---Train--- |---Val Future-- -|-----Val History----|
Epoch | Loss  Time | MAE     RMSE    |  MAE    RMSE   Time|
     0| 1.737 77.8s |[113.30 136.59 ] | 98.33  113.06 87.01s
     1| 0.854 77.1s |[71.03  92.96  ] | 48.12  59.23  86.66s
     2| 0.749 57.6s | 73.81  98.34   | 32.10  40.09  87.99s
     3| 0.702 76.6s |[59.36  82.08  ] | 17.71  23.24  86.81s
     4| 0.680 76.6s | 73.15  96.74   | 23.88  31.31  86.05s
     5| 0.701 76.8s |[48.82  68.11  ] | 13.35  17.12  86.48s
     6| 0.676 76.9s |[44.92  62.38  ] | 10.46  14.58  86.19s
     7| 0.639 76.8s | 47.49  66.55   | 9.09   12.70  86.08s
     8| 0.622 76.1s | 45.75  64.54   | 8.06   11.06  86.20s
     9| 0.696 76.5s | 67.88  88.82   | 26.07  35.45  85.97s
    10| 0.666 76.3s | 62.90  84.66   | 43.22  52.71  86.26s
    11| 0.613 76.6s | 47.12  66.31   | 15.40  18.32  86.04s
    12| 0.600 76.7s |[41.66  58.69  ] | 5.50   7.90   86.03s
    13| 0.731 76.9s | 47.41  64.95   | 12.11  16.68  86.11s
    14| 0.655 76.6s |[38.63  54.46  ] | 7.58   9.76   86.30s
    15| 0.607 51.0s | 48.75  67.53   | 21.64  25.33  87.82s
    16| 0.598 76.7s |[37.26  52.20  ] | 7.28   10.07  86.39s
    17| 0.600 76.9s | 39.87  55.85   | 6.98   9.54   86.26s
    18| 0.586 76.5s | 38.50  55.02   | 5.66   7.64   86.17s
    19| 0.582 76.1s | 38.42  54.32   | 7.03   9.42   86.82s
    20| 0.577 76.4s | 44.83  62.74   | 7.21   9.85   85.96s
    21| 0.573 76.3s | 38.08  53.83   | 7.00   9.09   86.16s
    22| 0.568 76.0s | 39.50  55.50   | 6.77   8.83   85.97s
    23| 0.540 76.4s |[29.39  42.76  ] | 2.78   3.63   86.08s
    24| 0.539 76.9s | 29.45  42.92   | 3.39   4.33   86.31s
    25| 0.536 70.8s | 29.93  43.56   | 3.30   4.21   86.25s
    26| 0.534 76.5s | 29.59  43.19   | 3.11   3.95   86.09s
    27| 0.532 76.2s | 29.40  43.04   | 3.06   3.89   86.62s
    28| 0.530 76.5s | 29.61  43.32   | 3.08   3.90   86.33s
    29| 0.528 76.2s | 29.66  43.39   | 2.90   3.69   86.11s
    30| 0.515 76.4s |[25.50  38.53  ] | 1.60   2.07   86.27s
    31| 0.513 72.6s |[25.22  38.05  ] | 1.53   1.98   86.49s
    32| 0.511 76.6s |[25.17  38.00  ] | 1.52   1.96   86.18s
    33| 0.510 76.2s |[25.03  37.82  ] | 1.51   1.94   86.35s
    34| 0.509 76.8s |[24.95  37.74  ] | 1.49   1.91   85.81s
    35| 0.508 76.8s |[24.86  37.64  ] | 1.47   1.89   86.29s
    36| 0.507 76.0s | 24.87  37.66   | 1.47   1.89   86.11s
    37| 0.506 76.0s |[24.70  37.52  ] | 1.48   1.90   86.37s
    38| 0.505 77.1s |[24.69  37.49  ] | 1.48   1.90   86.50s
    39| 0.504 77.4s |[24.57  37.41  ] | 1.47   1.88   86.36s
    40| 0.503 76.4s |[24.56  37.43  ] | 1.48   1.90   86.54s
    41| 0.502 73.5s | 24.57  37.42   | 1.49   1.92   86.66s
    42| 0.501 64.8s |[24.55  37.48  ] | 1.46   1.88   86.56s
    43| 0.501 77.2s | 24.65  37.62   | 1.47   1.89   86.07s
    44| 0.500 75.5s |[24.48  37.30  ] | 1.46   1.87   86.37s
    45| 0.499 75.1s | 24.53  37.41   | 1.46   1.88   86.12s
    46| 0.498 76.9s |[24.42  37.20  ] | 1.46   1.87   86.20s
    47| 0.498 75.9s | 24.48  37.34   | 1.45   1.86   86.07s
    48| 0.497 75.6s | 24.48  37.32   | 1.46   1.88   86.40s
    49| 0.496 75.5s |[24.42  37.19  ] | 1.49   1.91   86.54s
    50| 0.495 75.8s |[24.24  37.03  ] | 1.46   1.88   86.94s
    51| 0.494 75.1s |[24.23  37.05  ] | 1.44   1.84   86.31s
    52| 0.494 77.0s | 24.35  37.16   | 1.42   1.82   86.30s
    53| 0.493 76.9s | 24.37  37.19   | 1.43   1.83   86.26s
    54| 0.492 74.1s |[24.19  37.01  ] | 1.44   1.85   86.32s
    55| 0.492 75.0s | 24.31  37.04   | 1.41   1.81   86.44s
    56| 0.491 75.3s |[24.12  36.86  ] | 1.39   1.78   86.12s
    57| 0.491 65.7s |[24.04  36.78  ] | 1.45   1.86   86.71s
    58| 0.490 72.3s | 24.22  36.90   | 1.40   1.79   86.36s
    59| 0.489 76.7s |[24.02  36.79  ] | 1.39   1.79   86.09s
    60| 0.488 77.7s |[24.00  36.80  ] | 1.40   1.79   86.05s
    61| 0.488 76.8s | 24.17  37.00   | 1.40   1.80   86.35s
    62| 0.487 76.4s | 24.12  37.02   | 1.41   1.81   86.48s
    63| 0.486 77.1s | 24.19  37.03   | 1.40   1.79   85.82s
    64| 0.485 75.9s | 24.20  37.13   | 1.39   1.78   85.91s
    65| 0.485 77.2s | 24.03  36.86   | 1.39   1.79   86.29s
    66| 0.484 76.2s | 24.09  36.92   | 1.39   1.79   86.41s
    67| 0.478 76.7s |[23.85  36.96  ] | 1.37   1.75   86.22s
    68| 0.477 76.4s |[23.75  36.85  ] | 1.36   1.75   85.94s
    69| 0.476 77.1s | 23.78  36.98   | 1.37   1.75   86.54s
    70| 0.475 77.1s | 23.76  36.97   | 1.37   1.75   86.47s
    71| 0.474 75.8s | 23.77  37.00   | 1.37   1.75   86.22s
    72| 0.473 77.3s | 23.77  37.04   | 1.36   1.74   85.74s
    73| 0.473 76.5s | 23.76  36.99   | 1.35   1.73   86.45s
    74| 0.472 77.7s | 23.76  37.07   | 1.36   1.73   86.25s
    75| 0.470 77.4s |[23.73  36.89  ] | 1.30   1.65   85.93s
    76| 0.469 76.9s |[23.73  36.92  ] | 1.30   1.65   86.44s
    77| 0.468 76.6s |[23.71  36.91  ] | 1.30   1.64   86.34s
    78| 0.467 76.9s |[23.69  36.89  ] | 1.29   1.64   86.13s
    79| 0.467 77.2s | 23.70  36.90   | 1.29   1.64   85.92s
    80| 0.466 76.4s | 23.70  36.91   | 1.29   1.64   85.94s
    81| 0.466 77.0s | 23.74  36.98   | 1.29   1.64   86.05s
    82| 0.466 77.1s | 23.73  36.96   | 1.29   1.63   85.68s
    83| 0.465 77.2s | 23.70  36.91   | 1.29   1.64   86.50s
    84| 0.465 76.1s | 23.70  36.92   | 1.29   1.63   85.88s
    85| 0.464 77.6s |[23.59  36.82  ] | 1.27   1.60   86.12s
    86| 0.463 77.6s |[23.59  36.82  ] | 1.26   1.60   86.26s
    87| 0.463 76.8s |[23.58  36.83  ] | 1.26   1.60   86.01s
    88| 0.463 76.8s | 23.59  36.85   | 1.26   1.60   86.48s
    89| 0.462 77.5s |[23.58  36.84  ] | 1.26   1.60   86.16s
    90| 0.462 77.4s |[23.58  36.84  ] | 1.26   1.60   86.49s
    91| 0.462 76.8s |[23.57  36.83  ] | 1.26   1.60   86.38s
    92| 0.461 76.8s | 23.58  36.85   | 1.26   1.60   86.14s
    93| 0.461 76.6s | 23.58  36.86   | 1.26   1.60   86.52s
    94| 0.461 77.4s | 23.58  36.85   | 1.26   1.60   86.27s
    95| 0.461 77.3s | 23.57  36.84   | 1.26   1.60   86.21s
    96| 0.460 77.5s | 23.59  36.89   | 1.26   1.60   86.44s
    97| 0.460 77.2s | 23.58  36.87   | 1.26   1.60   86.12s
    98| 0.460 76.9s | 23.73  37.07   | 1.26   1.59   86.71s
    99| 0.460 76.9s | 23.73  37.09   | 1.26   1.59   86.34s
   100| 0.459 77.4s | 23.74  37.11   | 1.26   1.59   85.85s
   101| 0.459 76.5s | 23.74  37.12   | 1.26   1.59   86.00s
   102| 0.459 76.2s | 23.74  37.11   | 1.26   1.59   86.09s
predict_path = '/root/projects/DiffSTG/output/forecast/PEMS08_UGnet_N200_ss200_h32_bs8_lr0.002_se0_e300_s2024_51bc02.pkl'
 |[21.21  30.88  ] | 0.23   0.31   1009.30s
sample_strategy:ddim_multi, sample_steps:40 Final results in test:21.21  30.88  14.75  0.07    309.68  | 103  
