{'PATH_MOD': '/root/projects/DiffSTG/output/model/', 'PATH_LOG': '/root/projects/DiffSTG/output/log/', 'PATH_FORECAST': '/root/projects/DiffSTG/output/forecast/', 'data': {'name': 'PEMS08', 'path': '/root/projects/DiffSTG/data/dataset/', 'feature_file': '/root/projects/DiffSTG/data/dataset/PEMS08/flow.npy', 'spatial': '/root/projects/DiffSTG/data/dataset/PEMS08/adj.npy', 'num_recent': 1, 'num_features': 1, 'num_vertices': 170, 'points_per_hour': 12, 'val_start_idx': 10713, 'test_start_idx': 14284}, 'gpu_id': 0, 'model': {'T_p': 12, 'T_h': 12, 'V': 170, 'F': 1, 'week_len': 7, 'day_len': 288, 'device': device(type='cuda', index=0), 'd_h': 32, 'N': 200, 'sample_steps': 200, 'epsilon_theta': 'UGnet', 'is_label_condition': True, 'beta_end': 0.1, 'beta_schedule': 'quad', 'sample_strategy': 'ddpm', 'channel_multipliers': [1, 2], 'supports_len': 2, 'C': 32, 'n_channels': 32}, 'n_samples': 8, 'model_name': 'DiffSTG', 'is_test': False, 'epoch': 300, 'optimizer': 'adam', 'lr': 0.002, 'batch_size': 8, 'wd': 1e-05, 'early_stop': 10, 'start_epoch': 0, 'device': device(type='cuda', index=0), 'logger': <utils.common_utils.Logger object at 0x7ff782b64990>, 'nni': False, 'mask_ratio': 0.0, 'seed': 2022, 'test_batch_size': 8, 'val_subset': 512, 'rng_restore': 1, 'T_h': 12, 'T_p': 12, 'trial_name': 'PEMS08_UGnet_N200_ss200_h32_bs8_lr0.002_se0_e300_s2022_rngfix_6788e0', 'log_path': '/root/projects/DiffSTG/output/log/PEMS08_UGnet_N200_ss200_h32_bs8_lr0.002_se0_e300_s2022_rngfix_6788e0.log'}
model path:/root/projects/DiffSTG/output/model/PEMS08_UGnet_N200_ss200_h32_bs8_lr0.002_se0_e300_s2022_rngfix_6788e0.dm4stg
forecast_path:/root/projects/DiffSTG/output/model/PEMS08_UGnet_N200_ss200_h32_bs8_lr0.002_se0_e300_s2022_rngfix_6788e0.dm4stg
DiffSTG(
  (eps_model): UGnet(
    (down): ModuleList(
      (0-1): 2 x DownBlock(
        (res): ResidualBlock(
          (tcn1): TcnBlock(
            (conv): Conv2d(32, 32, kernel_size=(3, 3), stride=(1, 1), padding=(1, 2))
            (chomp): Chomp()
            (drop): Dropout(p=0.0, inplace=False)
            (net): Sequential(
              (0): Conv2d(32, 32, kernel_size=(3, 3), stride=(1, 1), padding=(1, 2))
              (1): Chomp()
              (2): Dropout(p=0.0, inplace=False)
            )
          )
          (tcn2): TcnBlock(
            (conv): Conv2d(32, 32, kernel_size=(3, 3), stride=(1, 1), padding=(1, 2))
            (chomp): Chomp()
            (drop): Dropout(p=0.0, inplace=False)
            (net): Sequential(
              (0): Conv2d(32, 32, kernel_size=(3, 3), stride=(1, 1), padding=(1, 2))
              (1): Chomp()
              (2): Dropout(p=0.0, inplace=False)
            )
          )
          (shortcut): Identity()
          (t_conv): Conv2d(32, 32, kernel_size=(1, 1), stride=(1, 1))
          (spatial): SpatialBlock()
          (norm): LayerNorm((170, 32), eps=1e-05, elementwise_affine=True)
        )
      )
      (2): Downsample(
        (conv): Conv2d(32, 32, kernel_size=(1, 3), stride=(1, 2), padding=(0, 1))
      )
      (3): DownBlock(
        (res): ResidualBlock(
          (tcn1): TcnBlock(
            (conv): Conv2d(32, 64, kernel_size=(3, 3), stride=(1, 1), padding=(1, 2))
            (chomp): Chomp()
            (drop): Dropout(p=0.0, inplace=False)
            (net): Sequential(
              (0): Conv2d(32, 64, kernel_size=(3, 3), stride=(1, 1), padding=(1, 2))
              (1): Chomp()
              (2): Dropout(p=0.0, inplace=False)
            )
            (shortcut): Conv2d(32, 64, kernel_size=(1, 1), stride=(1, 1))
          )
          (tcn2): TcnBlock(
            (conv): Conv2d(64, 64, kernel_size=(3, 3), stride=(1, 1), padding=(1, 2))
            (chomp): Chomp()
            (drop): Dropout(p=0.0, inplace=False)
            (net): Sequential(
              (0): Conv2d(64, 64, kernel_size=(3, 3), stride=(1, 1), padding=(1, 2))
              (1): Chomp()
              (2): Dropout(p=0.0, inplace=False)
            )
          )
          (shortcut): Conv2d(32, 64, kernel_size=(1, 1), stride=(1, 1))
          (t_conv): Conv2d(32, 64, kernel_size=(1, 1), stride=(1, 1))
          (spatial): SpatialBlock()
          (norm): LayerNorm((170, 64), eps=1e-05, elementwise_affine=True)
        )
      )
      (4): DownBlock(
        (res): ResidualBlock(
          (tcn1): TcnBlock(
            (conv): Conv2d(64, 64, kernel_size=(3, 3), stride=(1, 1), padding=(1, 2))
            (chomp): Chomp()
            (drop): Dropout(p=0.0, inplace=False)
            (net): Sequential(
              (0): Conv2d(64, 64, kernel_size=(3, 3), stride=(1, 1), padding=(1, 2))
              (1): Chomp()
              (2): Dropout(p=0.0, inplace=False)
            )
          )
          (tcn2): TcnBlock(
            (conv): Conv2d(64, 64, kernel_size=(3, 3), stride=(1, 1), padding=(1, 2))
            (chomp): Chomp()
            (drop): Dropout(p=0.0, inplace=False)
            (net): Sequential(
              (0): Conv2d(64, 64, kernel_size=(3, 3), stride=(1, 1), padding=(1, 2))
              (1): Chomp()
              (2): Dropout(p=0.0, inplace=False)
            )
          )
          (shortcut): Identity()
          (t_conv): Conv2d(32, 64, kernel_size=(1, 1), stride=(1, 1))
          (spatial): SpatialBlock()
          (norm): LayerNorm((170, 64), eps=1e-05, elementwise_affine=True)
        )
      )
    )
    (middle): MiddleBlock(
      (res1): ResidualBlock(
        (tcn1): TcnBlock(
          (conv): Conv2d(64, 64, kernel_size=(3, 3), stride=(1, 1), padding=(1, 2))
          (chomp): Chomp()
          (drop): Dropout(p=0.0, inplace=False)
          (net): Sequential(
            (0): Conv2d(64, 64, kernel_size=(3, 3), stride=(1, 1), padding=(1, 2))
            (1): Chomp()
            (2): Dropout(p=0.0, inplace=False)
          )
        )
        (tcn2): TcnBlock(
          (conv): Conv2d(64, 64, kernel_size=(3, 3), stride=(1, 1), padding=(1, 2))
          (chomp): Chomp()
          (drop): Dropout(p=0.0, inplace=False)
          (net): Sequential(
            (0): Conv2d(64, 64, kernel_size=(3, 3), stride=(1, 1), padding=(1, 2))
            (1): Chomp()
            (2): Dropout(p=0.0, inplace=False)
          )
        )
        (shortcut): Identity()
        (t_conv): Conv2d(32, 64, kernel_size=(1, 1), stride=(1, 1))
        (spatial): SpatialBlock()
        (norm): LayerNorm((170, 64), eps=1e-05, elementwise_affine=True)
      )
      (res2): ResidualBlock(
        (tcn1): TcnBlock(
          (conv): Conv2d(64, 64, kernel_size=(3, 3), stride=(1, 1), padding=(1, 2))
          (chomp): Chomp()
          (drop): Dropout(p=0.0, inplace=False)
          (net): Sequential(
            (0): Conv2d(64, 64, kernel_size=(3, 3), stride=(1, 1), padding=(1, 2))
            (1): Chomp()
            (2): Dropout(p=0.0, inplace=False)
          )
        )
        (tcn2): TcnBlock(
          (conv): Conv2d(64, 64, kernel_size=(3, 3), stride=(1, 1), padding=(1, 2))
          (chomp): Chomp()
          (drop): Dropout(p=0.0, inplace=False)
          (net): Sequential(
            (0): Conv2d(64, 64, kernel_size=(3, 3), stride=(1, 1), padding=(1, 2))
            (1): Chomp()
            (2): Dropout(p=0.0, inplace=False)
          )
        )
        (shortcut): Identity()
        (t_conv): Conv2d(32, 64, kernel_size=(1, 1), stride=(1, 1))
        (spatial): SpatialBlock()
        (norm): LayerNorm((170, 64), eps=1e-05, elementwise_affine=True)
      )
    )
    (up): ModuleList(
      (0-1): 2 x UpBlock(
        (res): ResidualBlock(
          (tcn1): TcnBlock(
            (conv): Conv2d(128, 64, kernel_size=(3, 3), stride=(1, 1), padding=(1, 2))
            (chomp): Chomp()
            (drop): Dropout(p=0.0, inplace=False)
            (net): Sequential(
              (0): Conv2d(128, 64, kernel_size=(3, 3), stride=(1, 1), padding=(1, 2))
              (1): Chomp()
              (2): Dropout(p=0.0, inplace=False)
            )
            (shortcut): Conv2d(128, 64, kernel_size=(1, 1), stride=(1, 1))
          )
          (tcn2): TcnBlock(
            (conv): Conv2d(64, 64, kernel_size=(3, 3), stride=(1, 1), padding=(1, 2))
            (chomp): Chomp()
            (drop): Dropout(p=0.0, inplace=False)
            (net): Sequential(
              (0): Conv2d(64, 64, kernel_size=(3, 3), stride=(1, 1), padding=(1, 2))
              (1): Chomp()
              (2): Dropout(p=0.0, inplace=False)
            )
          )
          (shortcut): Conv2d(128, 64, kernel_size=(1, 1), stride=(1, 1))
          (t_conv): Conv2d(32, 64, kernel_size=(1, 1), stride=(1, 1))
          (spatial): SpatialBlock()
          (norm): LayerNorm((170, 64), eps=1e-05, elementwise_affine=True)
        )
      )
      (2): UpBlock(
        (res): ResidualBlock(
          (tcn1): TcnBlock(
            (conv): Conv2d(96, 32, kernel_size=(3, 3), stride=(1, 1), padding=(1, 2))
            (chomp): Chomp()
            (drop): Dropout(p=0.0, inplace=False)
            (net): Sequential(
              (0): Conv2d(96, 32, kernel_size=(3, 3), stride=(1, 1), padding=(1, 2))
              (1): Chomp()
              (2): Dropout(p=0.0, inplace=False)
            )
            (shortcut): Conv2d(96, 32, kernel_size=(1, 1), stride=(1, 1))
          )
          (tcn2): TcnBlock(
            (conv): Conv2d(32, 32, kernel_size=(3, 3), stride=(1, 1), padding=(1, 2))
            (chomp): Chomp()
            (drop): Dropout(p=0.0, inplace=False)
            (net): Sequential(
              (0): Conv2d(32, 32, kernel_size=(3, 3), stride=(1, 1), padding=(1, 2))
              (1): Chomp()
              (2): Dropout(p=0.0, inplace=False)
            )
          )
          (shortcut): Conv2d(96, 32, kernel_size=(1, 1), stride=(1, 1))
          (t_conv): Conv2d(32, 32, kernel_size=(1, 1), stride=(1, 1))
          (spatial): SpatialBlock()
          (norm): LayerNorm((170, 32), eps=1e-05, elementwise_affine=True)
        )
      )
      (3): Upsample(
        (conv): ConvTranspose2d(32, 32, kernel_size=(1, 4), stride=(1, 2), padding=(0, 1))
      )
      (4-6): 3 x UpBlock(
        (res): ResidualBlock(
          (tcn1): TcnBlock(
            (conv): Conv2d(64, 32, kernel_size=(3, 3), stride=(1, 1), padding=(1, 2))
            (chomp): Chomp()
            (drop): Dropout(p=0.0, inplace=False)
            (net): Sequential(
              (0): Conv2d(64, 32, kernel_size=(3, 3), stride=(1, 1), padding=(1, 2))
              (1): Chomp()
              (2): Dropout(p=0.0, inplace=False)
            )
            (shortcut): Conv2d(64, 32, kernel_size=(1, 1), stride=(1, 1))
          )
          (tcn2): TcnBlock(
            (conv): Conv2d(32, 32, kernel_size=(3, 3), stride=(1, 1), padding=(1, 2))
            (chomp): Chomp()
            (drop): Dropout(p=0.0, inplace=False)
            (net): Sequential(
              (0): Conv2d(32, 32, kernel_size=(3, 3), stride=(1, 1), padding=(1, 2))
              (1): Chomp()
              (2): Dropout(p=0.0, inplace=False)
            )
          )
          (shortcut): Conv2d(64, 32, kernel_size=(1, 1), stride=(1, 1))
          (t_conv): Conv2d(32, 32, kernel_size=(1, 1), stride=(1, 1))
          (spatial): SpatialBlock()
          (norm): LayerNorm((170, 32), eps=1e-05, elementwise_affine=True)
        )
      )
    )
    (x_proj): Conv2d(1, 32, kernel_size=(1, 1), stride=(1, 1))
    (out): Sequential(
      (0): Conv2d(32, 1, kernel_size=(1, 1), stride=(1, 1))
      (1): Linear(in_features=48, out_features=24, bias=True)
    )
  )
)Num_of_parameters:996793
      |---Train--- |---Val Future-- -|-----Val History----|
Epoch | Loss  Time | MAE     RMSE    |  MAE    RMSE   Time|
     0| 1.822 75.0s |[69.22  94.07  ] | 42.33  55.00  86.67s
     1| 0.838 76.9s |[58.72  79.93  ] | 21.60  27.81  86.57s
     2| 0.754 76.8s | 86.89  112.22  | 20.14  25.04  86.43s
     3| 0.935 76.1s | 79.78  108.29  | 145.21 193.34 86.46s
     4| 0.853 64.6s | 92.97  122.18  | 101.76 125.96 87.28s
     5| 0.732 73.5s | 63.36  88.32   | 29.31  37.44  86.52s
     6| 0.735 76.1s | 83.40  118.20  | 13.99  19.97  86.46s
     7| 0.667 76.0s | 61.51  84.85   | 9.06   11.71  86.29s
     8| 0.618 72.3s |[53.90  75.13  ] | 7.54   9.62   86.62s
     9| 0.605 76.4s | 54.63  78.28   | 3.66   5.21   86.31s
    10| 0.603 63.7s | 58.90  82.98   | 3.71   5.22   87.86s
    11| 0.587 76.7s | 55.87  79.61   | 3.73   5.20   86.51s
    12| 0.579 59.8s | 58.45  83.68   | 3.48   4.85   86.55s
    13| 0.580 76.2s |[52.37  72.86  ] | 2.59   3.42   86.65s
    14| 0.589 43.0s |[50.13  70.67  ] | 3.00   4.33   88.17s
    15| 0.559 76.1s |[43.15  61.36  ] | 2.45   3.28   86.63s
    16| 0.561 71.7s | 44.85  62.83   | 2.71   3.54   86.67s
    17| 0.573 75.5s | 44.40  63.47   | 2.70   3.80   86.33s
    18| 0.544 77.1s |[34.07  48.61  ] | 2.47   3.36   86.33s
    19| 0.544 75.4s | 46.60  64.38   | 3.12   3.98   86.30s
    20| 0.647 76.0s | 73.16  97.85   | 3.83   5.47   86.42s
    21| 0.571 77.3s | 39.16  56.11   | 2.20   2.92   86.36s
    22| 0.556 76.0s | 34.55  49.53   | 2.06   2.69   86.44s
    23| 0.561 77.7s | 36.29  51.93   | 2.34   3.07   86.65s
    24| 0.536 75.9s | 42.61  61.04   | 1.99   2.65   86.58s
    25| 0.549 75.4s |[32.27  46.20  ] | 1.61   2.08   86.43s
    26| 0.529 76.6s |[30.51  44.30  ] | 1.54   1.97   86.47s
    27| 0.544 77.0s |[28.97  42.57  ] | 1.60   2.04   86.54s
    28| 0.521 76.7s |[28.27  41.16  ] | 1.53   1.95   86.41s
    29| 0.535 76.2s | 29.95  44.06   | 1.68   2.16   86.21s
    30| 0.534 72.6s | 29.37  42.80   | 1.72   2.21   86.38s
    31| 0.546 75.8s | 28.71  42.01   | 1.59   2.04   86.75s
    32| 0.532 77.7s | 32.85  46.94   | 1.48   1.89   86.86s
    33| 0.512 77.0s |[26.61  39.52  ] | 1.53   1.97   86.94s
    34| 0.513 77.3s | 28.84  41.21   | 1.53   1.96   87.34s
    35| 0.513 77.9s | 28.45  42.13   | 1.52   1.96   86.84s
    36| 0.537 79.2s | 28.00  41.16   | 1.54   1.98   86.60s
    37| 0.509 77.1s | 28.20  41.31   | 1.51   1.96   86.05s
    38| 0.527 77.5s | 28.72  41.96   | 1.44   1.85   86.41s
    39| 0.532 77.1s | 29.64  43.48   | 1.49   1.92   85.90s
    40| 0.515 76.6s |[25.77  38.14  ] | 1.41   1.79   86.19s
    41| 0.524 76.3s |[25.12  37.32  ] | 1.45   1.85   86.41s
    42| 0.498 67.1s | 29.31  42.83   | 1.32   1.67   86.72s
    43| 0.508 77.0s |[24.47  36.72  ] | 1.35   1.71   86.63s
    44| 0.511 77.2s | 24.95  37.13   | 1.40   1.77   86.47s
    45| 0.524 76.7s |[24.21  36.41  ] | 1.32   1.68   86.63s
    46| 0.509 77.0s | 25.49  38.41   | 1.36   1.73   86.17s
    47| 0.523 76.3s | 24.66  37.22   | 1.33   1.69   86.07s
    48| 0.505 77.5s | 26.83  40.15   | 1.30   1.65   86.44s
    49| 0.517 77.4s | 27.30  40.35   | 1.35   1.70   86.15s
    50| 0.516 69.1s | 25.46  38.17   | 1.45   1.85   86.13s
    51| 0.522 76.8s | 26.93  40.06   | 1.30   1.64   85.93s
    52| 0.506 77.0s | 24.92  37.38   | 1.32   1.67   86.07s
    53| 0.515 76.3s | 24.29  36.98   | 1.29   1.62   86.01s
    54| 0.515 67.5s |[23.79  36.32  ] | 1.28   1.61   86.16s
    55| 0.518 76.7s |[23.51  35.79  ] | 1.28   1.61   86.09s
    56| 0.498 77.0s | 24.39  37.17   | 1.29   1.63   86.08s
    57| 0.501 77.2s | 24.30  36.55   | 1.28   1.61   86.01s
    58| 0.508 76.9s | 23.85  36.20   | 1.26   1.59   86.10s
    59| 0.503 76.5s | 24.13  36.60   | 1.28   1.62   86.36s
    60| 0.496 77.0s | 24.58  37.05   | 1.28   1.61   86.02s
    61| 0.501 62.7s | 24.70  37.10   | 1.26   1.59   87.43s
    62| 0.492 74.2s | 23.71  36.00   | 1.25   1.58   86.32s
    63| 0.520 77.4s | 23.62  36.08   | 1.26   1.59   86.37s
    64| 0.499 77.0s |[23.29  35.70  ] | 1.25   1.57   86.13s
    65| 0.504 66.7s | 23.73  36.23   | 1.26   1.59   86.62s
    66| 0.510 68.8s |[23.21  35.42  ] | 1.25   1.57   86.74s
    67| 0.510 65.8s | 23.38  35.76   | 1.27   1.59   86.87s
    68| 0.504 66.7s | 23.29  35.78   | 1.24   1.56   86.85s
    69| 0.501 68.1s | 23.22  35.54   | 1.25   1.57   87.16s
    70| 0.493 67.0s | 23.59  36.25   | 1.26   1.59   86.82s
    71| 0.519 70.8s | 23.22  35.70   | 1.24   1.56   87.26s
    72| 0.504 68.6s |[23.17  35.54  ] | 1.22   1.54   87.04s
    73| 0.508 68.1s |[23.10  35.50  ] | 1.24   1.56   86.83s
    74| 0.491 67.0s | 23.75  36.19   | 1.24   1.56   87.22s
    75| 0.520 66.4s |[23.07  35.43  ] | 1.25   1.57   87.09s
    76| 0.492 69.8s | 23.21  35.41   | 1.25   1.57   86.64s
    77| 0.496 66.6s |[22.96  35.25  ] | 1.25   1.57   86.69s
    78| 0.503 67.2s |[22.85  34.98  ] | 1.26   1.58   86.98s
    79| 0.512 66.5s | 23.79  36.12   | 1.24   1.55   86.62s
    80| 0.509 69.3s | 23.73  36.08   | 1.24   1.56   86.59s
    81| 0.472 67.4s | 23.06  35.40   | 1.23   1.55   86.38s
    82| 0.495 68.8s | 22.95  35.28   | 1.25   1.56   86.61s
    83| 0.513 69.2s | 23.42  35.73   | 1.23   1.55   86.51s
    84| 0.479 66.5s | 23.15  35.50   | 1.24   1.56   86.88s
    85| 0.501 70.5s | 23.13  35.50   | 1.24   1.55   86.02s
    86| 0.511 69.9s | 23.30  35.75   | 1.23   1.55   86.44s
    87| 0.499 67.6s | 23.18  35.59   | 1.24   1.56   86.19s
    88| 0.486 69.7s | 22.93  35.19   | 1.24   1.56   86.67s
    89| 0.496 69.3s | 22.91  35.16   | 1.22   1.54   86.53s
predict_path = '/root/projects/DiffSTG/output/forecast/PEMS08_UGnet_N200_ss200_h32_bs8_lr0.002_se0_e300_s2022_rngfix_6788e0.pkl'
 |[17.57  26.81  ] | 0.49   0.62   5058.55s
sample_strategy:ddpm, sample_steps:200 Final results in test:17.57  26.81  11.22  0.06    208.33  | 90   
