{'PATH_MOD': '/root/projects/DiffSTG/output/model/', 'PATH_LOG': '/root/projects/DiffSTG/output/log/', 'PATH_FORECAST': '/root/projects/DiffSTG/output/forecast/', 'data': {'name': 'PEMS08', 'path': '/root/projects/DiffSTG/data/dataset/', 'feature_file': '/root/projects/DiffSTG/data/dataset/PEMS08/flow.npy', 'spatial': '/root/projects/DiffSTG/data/dataset/PEMS08/adj.npy', 'num_recent': 1, 'num_features': 1, 'num_vertices': 170, 'points_per_hour': 12, 'val_start_idx': 10713, 'test_start_idx': 14284}, 'gpu_id': 0, 'model': {'T_p': 12, 'T_h': 12, 'V': 170, 'F': 1, 'week_len': 7, 'day_len': 288, 'device': device(type='cuda', index=0), 'd_h': 32, 'N': 200, 'sample_steps': 200, 'epsilon_theta': 'UGnet', 'is_label_condition': True, 'beta_end': 0.1, 'beta_schedule': 'quad', 'sample_strategy': 'ddpm', 'channel_multipliers': [1, 2], 'supports_len': 2, 'C': 32, 'n_channels': 32}, 'n_samples': 8, 'model_name': 'DiffSTG', 'is_test': False, 'epoch': 300, 'optimizer': 'adam', 'lr': 0.002, 'batch_size': 8, 'wd': 1e-05, 'early_stop': 10, 'start_epoch': 0, 'device': device(type='cuda', index=0), 'logger': <utils.common_utils.Logger object at 0x7fdb20247110>, 'nni': False, 'mask_ratio': 0.0, 'seed': 2023, 'test_batch_size': 8, 'val_subset': 512, 'T_h': 12, 'T_p': 12, 'trial_name': 'PEMS08_UGnet_N200_ss200_h32_bs8_lr0.002_se0_e300_s2023_13a8c7', 'log_path': '/root/projects/DiffSTG/output/log/PEMS08_UGnet_N200_ss200_h32_bs8_lr0.002_se0_e300_s2023_13a8c7.log'}
model path:/root/projects/DiffSTG/output/model/PEMS08_UGnet_N200_ss200_h32_bs8_lr0.002_se0_e300_s2023_13a8c7.dm4stg
forecast_path:/root/projects/DiffSTG/output/model/PEMS08_UGnet_N200_ss200_h32_bs8_lr0.002_se0_e300_s2023_13a8c7.dm4stg
DiffSTG(
  (eps_model): UGnet(
    (down): ModuleList(
      (0-1): 2 x DownBlock(
        (res): ResidualBlock(
          (tcn1): TcnBlock(
            (conv): Conv2d(32, 32, kernel_size=(3, 3), stride=(1, 1), padding=(1, 2))
            (chomp): Chomp()
            (drop): Dropout(p=0.0, inplace=False)
            (net): Sequential(
              (0): Conv2d(32, 32, kernel_size=(3, 3), stride=(1, 1), padding=(1, 2))
              (1): Chomp()
              (2): Dropout(p=0.0, inplace=False)
            )
          )
          (tcn2): TcnBlock(
            (conv): Conv2d(32, 32, kernel_size=(3, 3), stride=(1, 1), padding=(1, 2))
            (chomp): Chomp()
            (drop): Dropout(p=0.0, inplace=False)
            (net): Sequential(
              (0): Conv2d(32, 32, kernel_size=(3, 3), stride=(1, 1), padding=(1, 2))
              (1): Chomp()
              (2): Dropout(p=0.0, inplace=False)
            )
          )
          (shortcut): Identity()
          (t_conv): Conv2d(32, 32, kernel_size=(1, 1), stride=(1, 1))
          (spatial): SpatialBlock()
          (norm): LayerNorm((170, 32), eps=1e-05, elementwise_affine=True)
        )
      )
      (2): Downsample(
        (conv): Conv2d(32, 32, kernel_size=(1, 3), stride=(1, 2), padding=(0, 1))
      )
      (3): DownBlock(
        (res): ResidualBlock(
          (tcn1): TcnBlock(
            (conv): Conv2d(32, 64, kernel_size=(3, 3), stride=(1, 1), padding=(1, 2))
            (chomp): Chomp()
            (drop): Dropout(p=0.0, inplace=False)
            (net): Sequential(
              (0): Conv2d(32, 64, kernel_size=(3, 3), stride=(1, 1), padding=(1, 2))
              (1): Chomp()
              (2): Dropout(p=0.0, inplace=False)
            )
            (shortcut): Conv2d(32, 64, kernel_size=(1, 1), stride=(1, 1))
          )
          (tcn2): TcnBlock(
            (conv): Conv2d(64, 64, kernel_size=(3, 3), stride=(1, 1), padding=(1, 2))
            (chomp): Chomp()
            (drop): Dropout(p=0.0, inplace=False)
            (net): Sequential(
              (0): Conv2d(64, 64, kernel_size=(3, 3), stride=(1, 1), padding=(1, 2))
              (1): Chomp()
              (2): Dropout(p=0.0, inplace=False)
            )
          )
          (shortcut): Conv2d(32, 64, kernel_size=(1, 1), stride=(1, 1))
          (t_conv): Conv2d(32, 64, kernel_size=(1, 1), stride=(1, 1))
          (spatial): SpatialBlock()
          (norm): LayerNorm((170, 64), eps=1e-05, elementwise_affine=True)
        )
      )
      (4): DownBlock(
        (res): ResidualBlock(
          (tcn1): TcnBlock(
            (conv): Conv2d(64, 64, kernel_size=(3, 3), stride=(1, 1), padding=(1, 2))
            (chomp): Chomp()
            (drop): Dropout(p=0.0, inplace=False)
            (net): Sequential(
              (0): Conv2d(64, 64, kernel_size=(3, 3), stride=(1, 1), padding=(1, 2))
              (1): Chomp()
              (2): Dropout(p=0.0, inplace=False)
            )
          )
          (tcn2): TcnBlock(
            (conv): Conv2d(64, 64, kernel_size=(3, 3), stride=(1, 1), padding=(1, 2))
            (chomp): Chomp()
            (drop): Dropout(p=0.0, inplace=False)
            (net): Sequential(
              (0): Conv2d(64, 64, kernel_size=(3, 3), stride=(1, 1), padding=(1, 2))
              (1): Chomp()
              (2): Dropout(p=0.0, inplace=False)
            )
          )
          (shortcut): Identity()
          (t_conv): Conv2d(32, 64, kernel_size=(1, 1), stride=(1, 1))
          (spatial): SpatialBlock()
          (norm): LayerNorm((170, 64), eps=1e-05, elementwise_affine=True)
        )
      )
    )
    (middle): MiddleBlock(
      (res1): ResidualBlock(
        (tcn1): TcnBlock(
          (conv): Conv2d(64, 64, kernel_size=(3, 3), stride=(1, 1), padding=(1, 2))
          (chomp): Chomp()
          (drop): Dropout(p=0.0, inplace=False)
          (net): Sequential(
            (0): Conv2d(64, 64, kernel_size=(3, 3), stride=(1, 1), padding=(1, 2))
            (1): Chomp()
            (2): Dropout(p=0.0, inplace=False)
          )
        )
        (tcn2): TcnBlock(
          (conv): Conv2d(64, 64, kernel_size=(3, 3), stride=(1, 1), padding=(1, 2))
          (chomp): Chomp()
          (drop): Dropout(p=0.0, inplace=False)
          (net): Sequential(
            (0): Conv2d(64, 64, kernel_size=(3, 3), stride=(1, 1), padding=(1, 2))
            (1): Chomp()
            (2): Dropout(p=0.0, inplace=False)
          )
        )
        (shortcut): Identity()
        (t_conv): Conv2d(32, 64, kernel_size=(1, 1), stride=(1, 1))
        (spatial): SpatialBlock()
        (norm): LayerNorm((170, 64), eps=1e-05, elementwise_affine=True)
      )
      (res2): ResidualBlock(
        (tcn1): TcnBlock(
          (conv): Conv2d(64, 64, kernel_size=(3, 3), stride=(1, 1), padding=(1, 2))
          (chomp): Chomp()
          (drop): Dropout(p=0.0, inplace=False)
          (net): Sequential(
            (0): Conv2d(64, 64, kernel_size=(3, 3), stride=(1, 1), padding=(1, 2))
            (1): Chomp()
            (2): Dropout(p=0.0, inplace=False)
          )
        )
        (tcn2): TcnBlock(
          (conv): Conv2d(64, 64, kernel_size=(3, 3), stride=(1, 1), padding=(1, 2))
          (chomp): Chomp()
          (drop): Dropout(p=0.0, inplace=False)
          (net): Sequential(
            (0): Conv2d(64, 64, kernel_size=(3, 3), stride=(1, 1), padding=(1, 2))
            (1): Chomp()
            (2): Dropout(p=0.0, inplace=False)
          )
        )
        (shortcut): Identity()
        (t_conv): Conv2d(32, 64, kernel_size=(1, 1), stride=(1, 1))
        (spatial): SpatialBlock()
        (norm): LayerNorm((170, 64), eps=1e-05, elementwise_affine=True)
      )
    )
    (up): ModuleList(
      (0-1): 2 x UpBlock(
        (res): ResidualBlock(
          (tcn1): TcnBlock(
            (conv): Conv2d(128, 64, kernel_size=(3, 3), stride=(1, 1), padding=(1, 2))
            (chomp): Chomp()
            (drop): Dropout(p=0.0, inplace=False)
            (net): Sequential(
              (0): Conv2d(128, 64, kernel_size=(3, 3), stride=(1, 1), padding=(1, 2))
              (1): Chomp()
              (2): Dropout(p=0.0, inplace=False)
            )
            (shortcut): Conv2d(128, 64, kernel_size=(1, 1), stride=(1, 1))
          )
          (tcn2): TcnBlock(
            (conv): Conv2d(64, 64, kernel_size=(3, 3), stride=(1, 1), padding=(1, 2))
            (chomp): Chomp()
            (drop): Dropout(p=0.0, inplace=False)
            (net): Sequential(
              (0): Conv2d(64, 64, kernel_size=(3, 3), stride=(1, 1), padding=(1, 2))
              (1): Chomp()
              (2): Dropout(p=0.0, inplace=False)
            )
          )
          (shortcut): Conv2d(128, 64, kernel_size=(1, 1), stride=(1, 1))
          (t_conv): Conv2d(32, 64, kernel_size=(1, 1), stride=(1, 1))
          (spatial): SpatialBlock()
          (norm): LayerNorm((170, 64), eps=1e-05, elementwise_affine=True)
        )
      )
      (2): UpBlock(
        (res): ResidualBlock(
          (tcn1): TcnBlock(
            (conv): Conv2d(96, 32, kernel_size=(3, 3), stride=(1, 1), padding=(1, 2))
            (chomp): Chomp()
            (drop): Dropout(p=0.0, inplace=False)
            (net): Sequential(
              (0): Conv2d(96, 32, kernel_size=(3, 3), stride=(1, 1), padding=(1, 2))
              (1): Chomp()
              (2): Dropout(p=0.0, inplace=False)
            )
            (shortcut): Conv2d(96, 32, kernel_size=(1, 1), stride=(1, 1))
          )
          (tcn2): TcnBlock(
            (conv): Conv2d(32, 32, kernel_size=(3, 3), stride=(1, 1), padding=(1, 2))
            (chomp): Chomp()
            (drop): Dropout(p=0.0, inplace=False)
            (net): Sequential(
              (0): Conv2d(32, 32, kernel_size=(3, 3), stride=(1, 1), padding=(1, 2))
              (1): Chomp()
              (2): Dropout(p=0.0, inplace=False)
            )
          )
          (shortcut): Conv2d(96, 32, kernel_size=(1, 1), stride=(1, 1))
          (t_conv): Conv2d(32, 32, kernel_size=(1, 1), stride=(1, 1))
          (spatial): SpatialBlock()
          (norm): LayerNorm((170, 32), eps=1e-05, elementwise_affine=True)
        )
      )
      (3): Upsample(
        (conv): ConvTranspose2d(32, 32, kernel_size=(1, 4), stride=(1, 2), padding=(0, 1))
      )
      (4-6): 3 x UpBlock(
        (res): ResidualBlock(
          (tcn1): TcnBlock(
            (conv): Conv2d(64, 32, kernel_size=(3, 3), stride=(1, 1), padding=(1, 2))
            (chomp): Chomp()
            (drop): Dropout(p=0.0, inplace=False)
            (net): Sequential(
              (0): Conv2d(64, 32, kernel_size=(3, 3), stride=(1, 1), padding=(1, 2))
              (1): Chomp()
              (2): Dropout(p=0.0, inplace=False)
            )
            (shortcut): Conv2d(64, 32, kernel_size=(1, 1), stride=(1, 1))
          )
          (tcn2): TcnBlock(
            (conv): Conv2d(32, 32, kernel_size=(3, 3), stride=(1, 1), padding=(1, 2))
            (chomp): Chomp()
            (drop): Dropout(p=0.0, inplace=False)
            (net): Sequential(
              (0): Conv2d(32, 32, kernel_size=(3, 3), stride=(1, 1), padding=(1, 2))
              (1): Chomp()
              (2): Dropout(p=0.0, inplace=False)
            )
          )
          (shortcut): Conv2d(64, 32, kernel_size=(1, 1), stride=(1, 1))
          (t_conv): Conv2d(32, 32, kernel_size=(1, 1), stride=(1, 1))
          (spatial): SpatialBlock()
          (norm): LayerNorm((170, 32), eps=1e-05, elementwise_affine=True)
        )
      )
    )
    (x_proj): Conv2d(1, 32, kernel_size=(1, 1), stride=(1, 1))
    (out): Sequential(
      (0): Conv2d(32, 1, kernel_size=(1, 1), stride=(1, 1))
      (1): Linear(in_features=48, out_features=24, bias=True)
    )
  )
)Num_of_parameters:996793
      |---Train--- |---Val Future-- -|-----Val History----|
Epoch | Loss  Time | MAE     RMSE    |  MAE    RMSE   Time|
     0| 1.916 77.3s |[100.60 135.39 ] | 71.22  96.40  86.86s
     1| 0.830 76.5s |[92.97  128.31 ] | 60.57  82.42  86.55s
     2| 0.760 77.3s |[66.37  93.11  ] | 43.63  56.27  86.40s
     3| 0.737 77.2s | 67.97  94.77   | 35.25  44.76  86.60s
     4| 0.692 77.0s | 68.84  95.73   | 26.99  36.42  86.30s
     5| 0.671 76.9s |[56.93  79.89  ] | 38.86  48.61  86.35s
     6| 0.659 77.3s | 61.37  85.93   | 23.75  31.64  86.53s
     7| 0.636 77.1s |[46.69  66.44  ] | 24.76  32.41  86.18s
     8| 0.627 77.0s | 48.38  67.38   | 14.96  20.27  86.55s
     9| 0.609 77.1s |[41.55  57.95  ] | 12.41  16.25  86.14s
    10| 0.600 77.2s |[38.71  55.30  ] | 10.74  15.03  86.48s
    11| 0.596 68.6s |[33.89  48.13  ] | 7.21   10.02  87.64s
    12| 0.584 77.1s | 38.29  53.69   | 6.21   8.55   86.11s
    13| 0.581 76.7s | 54.91  76.61   | 19.86  27.83  86.25s
    14| 0.688 77.0s |[32.31  46.55  ] | 8.20   10.32  86.10s
    15| 0.576 77.2s |[31.54  45.77  ] | 9.34   11.74  85.99s
    16| 0.568 77.1s | 33.00  47.38   | 11.67  14.76  86.34s
    17| 0.567 77.2s | 32.61  46.70   | 10.49  13.19  86.03s
    18| 0.567 77.1s |[29.25  42.24  ] | 8.99   11.26  86.35s
    19| 0.776 76.8s | 241.71 306.84  | 301.79 383.83 86.30s
    20| 0.941 76.9s | 71.17  94.75   | 119.83 161.71 86.09s
    21| 0.742 76.9s | 62.42  87.33   | 31.09  41.33  86.65s
    22| 0.655 77.3s | 49.02  68.17   | 13.34  18.17  189.24s
    23| 0.614 76.6s | 37.63  54.00   | 11.17  15.32  194.01s
    24| 0.687 77.7s | 37.41  53.00   | 5.65   7.63   192.86s
    25| 0.563 77.8s | 30.13  43.94   | 6.26   8.16   194.94s
    26| 0.556 77.2s | 29.88  43.66   | 4.73   6.34   193.95s
    27| 0.550 78.1s | 29.45  43.26   | 4.30   5.71   194.26s
    28| 0.546 78.3s |[29.13  42.80  ] | 4.46   5.89   193.72s
    29| 0.541 77.9s | 29.46  43.24   | 4.31   5.56   192.74s
    30| 0.537 69.5s |[28.18  41.54  ] | 3.41   4.43   193.05s
    31| 0.534 65.4s |[27.91  41.20  ] | 2.60   3.38   192.99s
    32| 0.531 65.9s |[27.56  40.76  ] | 2.47   3.21   193.37s
    33| 0.528 65.6s |[27.04  40.03  ] | 2.32   3.02   192.71s
    34| 0.526 66.5s | 27.21  40.32   | 2.55   3.30   192.21s
    35| 0.524 66.5s | 27.49  40.70   | 2.54   3.30   192.21s
    36| 0.522 66.9s | 27.19  40.46   | 2.70   3.48   193.18s
    37| 0.520 68.0s | 27.35  40.66   | 2.88   3.71   192.98s
    38| 0.518 68.6s |[26.88  40.02  ] | 2.76   3.55   192.98s
    39| 0.517 68.6s | 27.92  41.53   | 2.75   3.54   192.72s
    40| 0.514 68.5s | 27.27  40.62   | 2.93   3.78   192.89s
    41| 0.513 67.2s | 27.23  40.60   | 2.43   3.15   192.78s
    42| 0.511 67.5s |[26.67  39.82  ] | 2.68   3.46   193.56s
    43| 0.509 64.2s | 27.20  40.56   | 2.38   3.09   193.21s
    44| 0.508 65.0s | 26.75  40.00   | 2.24   2.91   193.91s
    45| 0.507 66.9s |[26.45  39.66  ] | 2.17   2.82   193.23s
    46| 0.505 65.3s |[26.42  39.64  ] | 2.15   2.78   194.12s
    47| 0.504 67.0s |[26.12  39.24  ] | 1.99   2.57   195.38s
    48| 0.502 67.1s | 26.27  39.38   | 2.33   3.01   194.54s
    49| 0.501 67.6s | 26.83  40.33   | 2.20   2.84   195.59s
    50| 0.499 66.8s | 26.14  39.35   | 2.12   2.75   195.50s
    51| 0.499 66.4s | 27.23  40.90   | 2.35   3.06   196.22s
    52| 0.497 65.3s | 26.48  39.83   | 1.99   2.57   194.65s
    53| 0.495 65.6s |[25.89  39.19  ] | 2.00   2.57   195.01s
    54| 0.494 66.3s | 26.30  39.56   | 1.96   2.54   195.66s
    55| 0.492 62.9s | 26.24  39.57   | 1.93   2.49   194.61s
    56| 0.491 67.5s |[25.88  39.00  ] | 1.93   2.50   194.62s
    57| 0.489 65.5s | 25.94  38.99   | 1.75   2.25   194.96s
    58| 0.488 66.7s | 25.95  39.19   | 1.97   2.52   88.89s
    59| 0.487 66.5s |[25.77  38.96  ] | 1.98   2.56   87.54s
    60| 0.486 67.0s |[25.57  38.62  ] | 1.87   2.40   87.53s
    61| 0.484 68.5s | 25.66  38.85   | 1.89   2.45   87.18s
    62| 0.484 68.3s | 25.89  39.46   | 1.89   2.50   87.15s
    63| 0.481 67.0s | 25.71  39.31   | 1.78   2.32   87.26s
    64| 0.481 68.0s |[25.49  38.95  ] | 1.87   2.43   87.39s
    65| 0.478 65.7s |[25.49  38.99  ] | 1.94   2.52   87.95s
    66| 0.477 66.1s | 25.71  39.20   | 1.77   2.31   88.56s
    67| 0.476 66.5s | 26.12  39.79   | 1.80   2.35   88.47s
    68| 0.474 64.9s | 25.99  39.75   | 1.76   2.30   88.96s
    69| 0.473 65.2s | 25.63  39.00   | 1.79   2.35   88.62s
    70| 0.471 63.9s | 26.02  39.62   | 1.73   2.30   88.83s
    71| 0.459 66.6s |[25.25  38.74  ] | 1.58   2.07   88.42s
    72| 0.456 66.5s |[25.18  38.65  ] | 1.56   2.07   87.54s
    73| 0.453 65.2s |[25.14  38.67  ] | 1.55   2.06   88.73s
    74| 0.451 65.4s |[25.11  38.63  ] | 1.53   2.04   88.21s
    75| 0.450 66.6s |[24.96  38.37  ] | 1.52   2.01   88.40s
    76| 0.448 66.8s | 24.97  38.36   | 1.51   1.98   87.56s
    77| 0.447 69.2s | 24.97  38.38   | 1.50   2.01   87.30s
    78| 0.445 68.0s |[24.90  38.25  ] | 1.51   1.98   87.29s
    79| 0.444 67.9s |[24.89  38.28  ] | 1.52   2.01   88.43s
    80| 0.443 65.8s | 24.94  38.30   | 1.51   1.98   87.72s
    81| 0.442 66.7s | 25.06  38.48   | 1.55   2.03   86.85s
    82| 0.440 67.1s | 25.06  38.51   | 1.51   1.98   87.68s
    83| 0.439 67.8s |[24.88  38.17  ] | 1.51   1.98   87.48s
    84| 0.438 69.0s | 24.90  38.25   | 1.53   2.01   87.26s
    85| 0.437 65.6s | 24.94  38.30   | 1.50   1.96   87.87s
    86| 0.436 66.4s | 25.11  38.55   | 1.52   1.99   87.86s
    87| 0.435 63.6s | 24.98  38.35   | 1.50   1.95   89.12s
    88| 0.434 64.8s | 25.09  38.52   | 1.53   1.99   88.10s
    89| 0.433 64.6s | 24.96  38.22   | 1.54   1.99   89.16s
    90| 0.431 64.2s |[24.41  37.72  ] | 1.47   1.96   89.11s
    91| 0.428 67.4s | 24.46  37.81   | 1.47   1.94   88.33s
    92| 0.426 67.3s | 24.46  37.83   | 1.46   1.94   88.34s
    93| 0.425 66.7s | 24.42  37.70   | 1.47   1.94   88.60s
    94| 0.424 68.0s | 24.45  37.77   | 1.47   1.94   87.26s
    95| 0.422 68.9s | 24.43  37.74   | 1.47   1.94   86.99s
    96| 0.421 68.8s | 24.44  37.76   | 1.48   1.95   87.54s
    97| 0.422 70.1s |[24.25  37.46  ] | 1.40   1.84   87.27s
    98| 0.421 68.1s |[24.22  37.41  ] | 1.39   1.83   87.39s
    99| 0.420 67.9s | 24.23  37.40   | 1.39   1.82   87.41s
   100| 0.418 68.9s |[24.19  37.35  ] | 1.39   1.81   87.38s
   101| 0.418 68.1s | 24.20  37.36   | 1.38   1.81   87.70s
   102| 0.417 68.6s | 24.21  37.36   | 1.38   1.80   87.86s
   103| 0.416 65.5s | 24.21  37.34   | 1.38   1.80   88.99s
   104| 0.415 64.1s | 24.21  37.35   | 1.38   1.80   88.93s
   105| 0.415 67.9s |[24.19  37.32  ] | 1.38   1.80   88.16s
   106| 0.414 67.2s | 24.21  37.34   | 1.38   1.80   88.83s
   107| 0.415 65.7s |[23.96  36.98  ] | 1.35   1.75   88.30s
   108| 0.415 63.4s |[23.94  36.94  ] | 1.35   1.75   88.02s
   109| 0.414 68.0s |[23.93  36.93  ] | 1.35   1.75   88.46s
   110| 0.413 68.4s |[23.93  36.94  ] | 1.35   1.75   87.75s
   111| 0.413 69.4s |[23.93  36.93  ] | 1.35   1.75   87.40s
   112| 0.412 69.8s |[23.93  36.93  ] | 1.35   1.74   87.06s
   113| 0.412 69.4s |[23.93  36.94  ] | 1.34   1.74   87.42s
   114| 0.411 69.4s |[23.92  36.94  ] | 1.34   1.74   86.84s
   115| 0.411 69.3s |[23.92  36.94  ] | 1.34   1.74   87.22s
   116| 0.410 68.9s |[23.92  36.94  ] | 1.34   1.74   87.13s
   117| 0.410 65.0s | 23.93  36.96   | 1.34   1.74   86.64s
   118| 0.410 77.4s | 23.93  36.96   | 1.34   1.74   86.38s
   119| 0.409 77.6s | 23.93  36.96   | 1.34   1.74   86.27s
   120| 0.409 77.7s | 23.93  36.96   | 1.34   1.74   86.23s
   121| 0.409 76.8s | 23.92  36.96   | 1.34   1.74   86.13s
   122| 0.410 77.9s |[23.85  36.84  ] | 1.33   1.73   86.12s
   123| 0.410 72.5s |[23.85  36.84  ] | 1.33   1.73   87.00s
   124| 0.409 77.2s |[23.84  36.83  ] | 1.33   1.73   86.60s
   125| 0.409 77.7s | 23.84  36.84   | 1.33   1.73   86.53s
   126| 0.409 77.5s | 23.85  36.84   | 1.33   1.73   86.38s
   127| 0.408 77.5s |[23.84  36.84  ] | 1.33   1.73   86.22s
   128| 0.408 74.8s | 23.85  36.85   | 1.33   1.73   87.33s
   129| 0.408 77.1s |[23.84  36.84  ] | 1.33   1.72   87.47s
   130| 0.408 77.2s | 23.84  36.84   | 1.33   1.72   86.88s
   131| 0.407 77.5s |[23.84  36.84  ] | 1.33   1.72   87.16s
   132| 0.407 58.0s | 23.84  36.84   | 1.33   1.72   86.94s
   133| 0.407 76.8s | 23.84  36.84   | 1.33   1.72   86.95s
   134| 0.407 77.4s | 23.84  36.84   | 1.33   1.72   86.69s
   135| 0.407 77.5s | 23.84  36.84   | 1.33   1.72   86.90s
   136| 0.408 73.8s |[23.69  36.66  ] | 1.32   1.72   86.74s
   137| 0.407 77.8s |[23.68  36.65  ] | 1.32   1.72   87.29s
   138| 0.407 77.3s | 23.68  36.65   | 1.32   1.72   87.17s
   139| 0.407 77.0s |[23.68  36.65  ] | 1.32   1.72   86.84s
   140| 0.407 74.1s |[23.68  36.65  ] | 1.32   1.72   87.36s
   141| 0.407 67.2s | 23.68  36.65   | 1.32   1.72   86.87s
   142| 0.407 76.6s |[23.68  36.64  ] | 1.32   1.72   86.78s
   143| 0.406 77.2s | 23.68  36.65   | 1.32   1.72   86.75s
   144| 0.406 77.4s | 23.68  36.65   | 1.32   1.72   86.96s
   145| 0.406 78.3s | 23.68  36.65   | 1.32   1.72   86.96s
   146| 0.406 78.3s | 23.68  36.65   | 1.32   1.72   86.98s
   147| 0.407 77.5s |[23.64  36.63  ] | 1.32   1.71   86.49s
   148| 0.407 72.1s | 23.64  36.63   | 1.32   1.71   87.05s
   149| 0.406 77.6s |[23.64  36.62  ] | 1.32   1.71   86.36s
   150| 0.406 77.5s |[23.64  36.62  ] | 1.31   1.71   86.51s
   151| 0.406 77.9s | 23.64  36.62   | 1.32   1.71   86.55s
   152| 0.406 77.6s | 23.64  36.62   | 1.31   1.71   86.65s
   153| 0.406 77.8s | 23.64  36.62   | 1.31   1.71   86.68s
   154| 0.406 77.9s | 23.64  36.62   | 1.31   1.71   86.54s
   155| 0.406 75.4s | 23.64  36.63   | 1.31   1.71   86.51s
   156| 0.406 77.5s | 23.66  36.66   | 1.31   1.71   86.16s
   157| 0.406 77.4s | 23.66  36.66   | 1.31   1.71   86.32s
   158| 0.406 77.4s | 23.66  36.66   | 1.31   1.71   86.23s
   159| 0.406 78.3s | 23.66  36.66   | 1.31   1.71   86.30s
   160| 0.406 68.5s | 23.66  36.66   | 1.31   1.71   86.38s
   161| 0.406 69.7s | 23.66  36.66   | 1.31   1.71   86.45s
predict_path = '/root/projects/DiffSTG/output/forecast/PEMS08_UGnet_N200_ss200_h32_bs8_lr0.002_se0_e300_s2023_13a8c7.pkl'
 |[21.08  30.86  ] | 0.27   0.35   1006.15s
sample_strategy:ddim_multi, sample_steps:40 Final results in test:21.08  30.86  13.66  0.07    301.65  | 162  
