{'PATH_MOD': '/root/projects/DiffSTG/output/model/', 'PATH_LOG': '/root/projects/DiffSTG/output/log/', 'PATH_FORECAST': '/root/projects/DiffSTG/output/forecast/', 'data': {'name': 'PEMS04', 'path': '/root/projects/DiffSTG/data/dataset/', 'feature_file': '/root/projects/DiffSTG/data/dataset/PEMS04/flow.npy', 'spatial': '/root/projects/DiffSTG/data/dataset/PEMS04/adj.npy', 'num_recent': 1, 'num_features': 1, 'num_vertices': 307, 'points_per_hour': 12, 'val_start_idx': 10195, 'test_start_idx': 13593}, 'gpu_id': 0, 'model': {'T_p': 12, 'T_h': 12, 'V': 307, 'F': 1, 'week_len': 7, 'day_len': 288, 'device': device(type='cuda', index=0), 'd_h': 32, 'N': 200, 'sample_steps': 200, 'epsilon_theta': 'UGnet', 'is_label_condition': True, 'beta_end': 0.1, 'beta_schedule': 'quad', 'sample_strategy': 'ddpm', 'channel_multipliers': [1, 2], 'supports_len': 2, 'C': 32, 'n_channels': 32}, 'n_samples': 8, 'model_name': 'DiffSTG', 'is_test': False, 'epoch': 300, 'optimizer': 'adam', 'lr': 0.002, 'batch_size': 8, 'wd': 1e-05, 'early_stop': 10, 'start_epoch': 0, 'device': device(type='cuda', index=0), 'logger': <utils.common_utils.Logger object at 0x7f95e89c7710>, 'nni': False, 'mask_ratio': 0.0, 'seed': 2022, 'test_batch_size': 8, 'val_subset': 512, 'T_h': 12, 'T_p': 12, 'trial_name': 'PEMS04_UGnet_N200_ss200_h32_bs8_lr0.002_se0_e300_s2022_3cf0e0', 'log_path': '/root/projects/DiffSTG/output/log/PEMS04_UGnet_N200_ss200_h32_bs8_lr0.002_se0_e300_s2022_3cf0e0.log'}
model path:/root/projects/DiffSTG/output/model/PEMS04_UGnet_N200_ss200_h32_bs8_lr0.002_se0_e300_s2022_3cf0e0.dm4stg
forecast_path:/root/projects/DiffSTG/output/model/PEMS04_UGnet_N200_ss200_h32_bs8_lr0.002_se0_e300_s2022_3cf0e0.dm4stg
DiffSTG(
  (eps_model): UGnet(
    (down): ModuleList(
      (0-1): 2 x DownBlock(
        (res): ResidualBlock(
          (tcn1): TcnBlock(
            (conv): Conv2d(32, 32, kernel_size=(3, 3), stride=(1, 1), padding=(1, 2))
            (chomp): Chomp()
            (drop): Dropout(p=0.0, inplace=False)
            (net): Sequential(
              (0): Conv2d(32, 32, kernel_size=(3, 3), stride=(1, 1), padding=(1, 2))
              (1): Chomp()
              (2): Dropout(p=0.0, inplace=False)
            )
          )
          (tcn2): TcnBlock(
            (conv): Conv2d(32, 32, kernel_size=(3, 3), stride=(1, 1), padding=(1, 2))
            (chomp): Chomp()
            (drop): Dropout(p=0.0, inplace=False)
            (net): Sequential(
              (0): Conv2d(32, 32, kernel_size=(3, 3), stride=(1, 1), padding=(1, 2))
              (1): Chomp()
              (2): Dropout(p=0.0, inplace=False)
            )
          )
          (shortcut): Identity()
          (t_conv): Conv2d(32, 32, kernel_size=(1, 1), stride=(1, 1))
          (spatial): SpatialBlock()
          (norm): LayerNorm((307, 32), eps=1e-05, elementwise_affine=True)
        )
      )
      (2): Downsample(
        (conv): Conv2d(32, 32, kernel_size=(1, 3), stride=(1, 2), padding=(0, 1))
      )
      (3): DownBlock(
        (res): ResidualBlock(
          (tcn1): TcnBlock(
            (conv): Conv2d(32, 64, kernel_size=(3, 3), stride=(1, 1), padding=(1, 2))
            (chomp): Chomp()
            (drop): Dropout(p=0.0, inplace=False)
            (net): Sequential(
              (0): Conv2d(32, 64, kernel_size=(3, 3), stride=(1, 1), padding=(1, 2))
              (1): Chomp()
              (2): Dropout(p=0.0, inplace=False)
            )
            (shortcut): Conv2d(32, 64, kernel_size=(1, 1), stride=(1, 1))
          )
          (tcn2): TcnBlock(
            (conv): Conv2d(64, 64, kernel_size=(3, 3), stride=(1, 1), padding=(1, 2))
            (chomp): Chomp()
            (drop): Dropout(p=0.0, inplace=False)
            (net): Sequential(
              (0): Conv2d(64, 64, kernel_size=(3, 3), stride=(1, 1), padding=(1, 2))
              (1): Chomp()
              (2): Dropout(p=0.0, inplace=False)
            )
          )
          (shortcut): Conv2d(32, 64, kernel_size=(1, 1), stride=(1, 1))
          (t_conv): Conv2d(32, 64, kernel_size=(1, 1), stride=(1, 1))
          (spatial): SpatialBlock()
          (norm): LayerNorm((307, 64), eps=1e-05, elementwise_affine=True)
        )
      )
      (4): DownBlock(
        (res): ResidualBlock(
          (tcn1): TcnBlock(
            (conv): Conv2d(64, 64, kernel_size=(3, 3), stride=(1, 1), padding=(1, 2))
            (chomp): Chomp()
            (drop): Dropout(p=0.0, inplace=False)
            (net): Sequential(
              (0): Conv2d(64, 64, kernel_size=(3, 3), stride=(1, 1), padding=(1, 2))
              (1): Chomp()
              (2): Dropout(p=0.0, inplace=False)
            )
          )
          (tcn2): TcnBlock(
            (conv): Conv2d(64, 64, kernel_size=(3, 3), stride=(1, 1), padding=(1, 2))
            (chomp): Chomp()
            (drop): Dropout(p=0.0, inplace=False)
            (net): Sequential(
              (0): Conv2d(64, 64, kernel_size=(3, 3), stride=(1, 1), padding=(1, 2))
              (1): Chomp()
              (2): Dropout(p=0.0, inplace=False)
            )
          )
          (shortcut): Identity()
          (t_conv): Conv2d(32, 64, kernel_size=(1, 1), stride=(1, 1))
          (spatial): SpatialBlock()
          (norm): LayerNorm((307, 64), eps=1e-05, elementwise_affine=True)
        )
      )
    )
    (middle): MiddleBlock(
      (res1): ResidualBlock(
        (tcn1): TcnBlock(
          (conv): Conv2d(64, 64, kernel_size=(3, 3), stride=(1, 1), padding=(1, 2))
          (chomp): Chomp()
          (drop): Dropout(p=0.0, inplace=False)
          (net): Sequential(
            (0): Conv2d(64, 64, kernel_size=(3, 3), stride=(1, 1), padding=(1, 2))
            (1): Chomp()
            (2): Dropout(p=0.0, inplace=False)
          )
        )
        (tcn2): TcnBlock(
          (conv): Conv2d(64, 64, kernel_size=(3, 3), stride=(1, 1), padding=(1, 2))
          (chomp): Chomp()
          (drop): Dropout(p=0.0, inplace=False)
          (net): Sequential(
            (0): Conv2d(64, 64, kernel_size=(3, 3), stride=(1, 1), padding=(1, 2))
            (1): Chomp()
            (2): Dropout(p=0.0, inplace=False)
          )
        )
        (shortcut): Identity()
        (t_conv): Conv2d(32, 64, kernel_size=(1, 1), stride=(1, 1))
        (spatial): SpatialBlock()
        (norm): LayerNorm((307, 64), eps=1e-05, elementwise_affine=True)
      )
      (res2): ResidualBlock(
        (tcn1): TcnBlock(
          (conv): Conv2d(64, 64, kernel_size=(3, 3), stride=(1, 1), padding=(1, 2))
          (chomp): Chomp()
          (drop): Dropout(p=0.0, inplace=False)
          (net): Sequential(
            (0): Conv2d(64, 64, kernel_size=(3, 3), stride=(1, 1), padding=(1, 2))
            (1): Chomp()
            (2): Dropout(p=0.0, inplace=False)
          )
        )
        (tcn2): TcnBlock(
          (conv): Conv2d(64, 64, kernel_size=(3, 3), stride=(1, 1), padding=(1, 2))
          (chomp): Chomp()
          (drop): Dropout(p=0.0, inplace=False)
          (net): Sequential(
            (0): Conv2d(64, 64, kernel_size=(3, 3), stride=(1, 1), padding=(1, 2))
            (1): Chomp()
            (2): Dropout(p=0.0, inplace=False)
          )
        )
        (shortcut): Identity()
        (t_conv): Conv2d(32, 64, kernel_size=(1, 1), stride=(1, 1))
        (spatial): SpatialBlock()
        (norm): LayerNorm((307, 64), eps=1e-05, elementwise_affine=True)
      )
    )
    (up): ModuleList(
      (0-1): 2 x UpBlock(
        (res): ResidualBlock(
          (tcn1): TcnBlock(
            (conv): Conv2d(128, 64, kernel_size=(3, 3), stride=(1, 1), padding=(1, 2))
            (chomp): Chomp()
            (drop): Dropout(p=0.0, inplace=False)
            (net): Sequential(
              (0): Conv2d(128, 64, kernel_size=(3, 3), stride=(1, 1), padding=(1, 2))
              (1): Chomp()
              (2): Dropout(p=0.0, inplace=False)
            )
            (shortcut): Conv2d(128, 64, kernel_size=(1, 1), stride=(1, 1))
          )
          (tcn2): TcnBlock(
            (conv): Conv2d(64, 64, kernel_size=(3, 3), stride=(1, 1), padding=(1, 2))
            (chomp): Chomp()
            (drop): Dropout(p=0.0, inplace=False)
            (net): Sequential(
              (0): Conv2d(64, 64, kernel_size=(3, 3), stride=(1, 1), padding=(1, 2))
              (1): Chomp()
              (2): Dropout(p=0.0, inplace=False)
            )
          )
          (shortcut): Conv2d(128, 64, kernel_size=(1, 1), stride=(1, 1))
          (t_conv): Conv2d(32, 64, kernel_size=(1, 1), stride=(1, 1))
          (spatial): SpatialBlock()
          (norm): LayerNorm((307, 64), eps=1e-05, elementwise_affine=True)
        )
      )
      (2): UpBlock(
        (res): ResidualBlock(
          (tcn1): TcnBlock(
            (conv): Conv2d(96, 32, kernel_size=(3, 3), stride=(1, 1), padding=(1, 2))
            (chomp): Chomp()
            (drop): Dropout(p=0.0, inplace=False)
            (net): Sequential(
              (0): Conv2d(96, 32, kernel_size=(3, 3), stride=(1, 1), padding=(1, 2))
              (1): Chomp()
              (2): Dropout(p=0.0, inplace=False)
            )
            (shortcut): Conv2d(96, 32, kernel_size=(1, 1), stride=(1, 1))
          )
          (tcn2): TcnBlock(
            (conv): Conv2d(32, 32, kernel_size=(3, 3), stride=(1, 1), padding=(1, 2))
            (chomp): Chomp()
            (drop): Dropout(p=0.0, inplace=False)
            (net): Sequential(
              (0): Conv2d(32, 32, kernel_size=(3, 3), stride=(1, 1), padding=(1, 2))
              (1): Chomp()
              (2): Dropout(p=0.0, inplace=False)
            )
          )
          (shortcut): Conv2d(96, 32, kernel_size=(1, 1), stride=(1, 1))
          (t_conv): Conv2d(32, 32, kernel_size=(1, 1), stride=(1, 1))
          (spatial): SpatialBlock()
          (norm): LayerNorm((307, 32), eps=1e-05, elementwise_affine=True)
        )
      )
      (3): Upsample(
        (conv): ConvTranspose2d(32, 32, kernel_size=(1, 4), stride=(1, 2), padding=(0, 1))
      )
      (4-6): 3 x UpBlock(
        (res): ResidualBlock(
          (tcn1): TcnBlock(
            (conv): Conv2d(64, 32, kernel_size=(3, 3), stride=(1, 1), padding=(1, 2))
            (chomp): Chomp()
            (drop): Dropout(p=0.0, inplace=False)
            (net): Sequential(
              (0): Conv2d(64, 32, kernel_size=(3, 3), stride=(1, 1), padding=(1, 2))
              (1): Chomp()
              (2): Dropout(p=0.0, inplace=False)
            )
            (shortcut): Conv2d(64, 32, kernel_size=(1, 1), stride=(1, 1))
          )
          (tcn2): TcnBlock(
            (conv): Conv2d(32, 32, kernel_size=(3, 3), stride=(1, 1), padding=(1, 2))
            (chomp): Chomp()
            (drop): Dropout(p=0.0, inplace=False)
            (net): Sequential(
              (0): Conv2d(32, 32, kernel_size=(3, 3), stride=(1, 1), padding=(1, 2))
              (1): Chomp()
              (2): Dropout(p=0.0, inplace=False)
            )
          )
          (shortcut): Conv2d(64, 32, kernel_size=(1, 1), stride=(1, 1))
          (t_conv): Conv2d(32, 32, kernel_size=(1, 1), stride=(1, 1))
          (spatial): SpatialBlock()
          (norm): LayerNorm((307, 32), eps=1e-05, elementwise_affine=True)
        )
      )
    )
    (x_proj): Conv2d(1, 32, kernel_size=(1, 1), stride=(1, 1))
    (out): Sequential(
      (0): Conv2d(32, 1, kernel_size=(1, 1), stride=(1, 1))
      (1): Linear(in_features=48, out_features=24, bias=True)
    )
  )
)Num_of_parameters:1154617
      |---Train--- |---Val Future-- -|-----Val History----|
Epoch | Loss  Time | MAE     RMSE    |  MAE    RMSE   Time|
     0| 1.892 76.9s |[144.36 181.89 ] | 69.66  87.85  176.82s
     1| 0.865 76.4s |[74.72  100.65 ] | 31.58  42.84  176.98s
     2| 0.781 76.4s | 80.73  110.97  | 21.52  27.03  177.03s
     3| 0.740 75.9s |[72.62  102.54 ] | 15.23  20.39  177.75s
     4| 0.899 39.1s | 138.72 176.60  | 66.24  80.71  177.63s
     5| 0.797 38.4s | 83.26  113.27  | 24.90  32.69  177.85s
     6| 0.730 38.3s | 111.12 146.07  | 28.08  35.00  178.17s
     7| 0.739 74.7s | 106.77 149.02  | 42.24  49.14  177.01s
     8| 0.720 73.7s | 90.01  125.36  | 17.41  23.12  178.13s
     9| 0.688 76.2s | 102.93 141.43  | 12.60  18.52  179.34s
    10| 0.649 75.6s |[70.33  99.59  ] | 8.50   11.31  178.94s
    11| 0.647 75.6s |[67.57  95.77  ] | 5.34   7.09   179.29s
    12| 0.644 75.8s | 71.11  100.50  | 6.70   8.91   179.31s
    13| 0.640 64.1s |[67.17  95.06  ] | 4.62   5.87   179.95s
    14| 0.635 38.6s |[64.39  91.64  ] | 3.90   5.23   180.99s
    15| 0.633 70.0s | 66.36  93.99   | 3.72   4.94   178.78s
    16| 0.629 76.9s |[63.89  90.75  ] | 3.08   4.04   178.85s
    17| 0.628 76.7s |[55.96  80.38  ] | 3.16   4.09   178.67s
    18| 0.625 76.3s | 61.81  88.09   | 3.32   4.57   177.50s
    19| 0.621 76.7s | 61.41  87.61   | 3.15   4.33   176.99s
    20| 0.619 76.7s | 60.08  85.77   | 2.72   3.64   177.45s
    21| 0.616 76.5s |[52.64  76.08  ] | 2.34   3.10   177.20s
    22| 0.617 75.7s | 58.47  83.49   | 3.11   4.20   177.17s
    23| 0.613 77.1s | 60.50  86.00   | 3.61   4.99   177.24s
    24| 0.612 77.2s | 58.07  82.68   | 2.70   3.60   177.64s
    25| 0.610 76.3s | 53.28  76.75   | 2.97   4.08   177.13s
    26| 0.608 76.8s | 57.67  82.11   | 3.21   4.32   176.95s
    27| 0.606 77.0s | 56.84  80.96   | 2.69   3.62   177.25s
    28| 0.591 77.3s |[51.31  74.94  ] | 1.67   2.17   177.20s
    29| 0.590 76.9s | 51.64  75.47   | 1.62   2.09   177.09s
    30| 0.588 69.2s |[50.99  74.60  ] | 1.60   2.06   177.13s
    31| 0.586 76.0s | 52.23  76.17   | 1.67   2.16   177.30s
    32| 0.585 76.9s |[50.00  73.25  ] | 1.58   2.03   177.41s
    33| 0.584 76.9s |[49.04  72.03  ] | 1.55   1.98   177.34s
    34| 0.582 76.9s | 50.07  73.35   | 1.58   2.03   177.23s
    35| 0.581 76.9s | 51.57  75.21   | 1.63   2.11   177.08s
    36| 0.580 76.9s |[48.80  71.73  ] | 1.54   1.97   177.18s
    37| 0.579 59.8s | 50.13  73.45   | 1.56   2.01   177.45s
    38| 0.578 76.7s |[48.21  71.02  ] | 1.54   1.96   179.61s
    39| 0.577 76.7s |[47.92  70.59  ] | 1.53   1.95   177.96s
    40| 0.576 76.3s |[47.27  69.81  ] | 1.52   1.94   177.37s
    41| 0.576 76.8s | 47.65  70.32   | 1.50   1.91   177.27s
    42| 0.574 76.9s |[46.52  68.53  ] | 1.54   1.96   177.27s
    43| 0.574 76.5s |[44.77  66.27  ] | 1.48   1.89   177.15s
    44| 0.572 75.0s | 47.77  70.51   | 1.49   1.89   177.01s
    45| 0.571 69.0s | 49.27  72.44   | 1.53   1.95   177.96s
    46| 0.571 71.0s | 45.14  66.64   | 1.50   1.91   182.85s
    47| 0.569 75.5s | 48.27  70.99   | 1.51   1.92   183.60s
    48| 0.569 77.1s | 49.57  72.83   | 1.51   1.93   182.46s
    49| 0.569 76.5s | 45.25  66.82   | 1.51   1.92   184.29s
    50| 0.562 72.9s |[41.96  62.24  ] | 1.42   1.80   182.81s
    51| 0.560 68.9s | 42.10  62.50   | 1.42   1.79   182.43s
    52| 0.559 51.5s | 42.70  63.29   | 1.41   1.79   184.33s
    53| 0.558 68.7s | 42.11  62.53   | 1.41   1.78   183.47s
    54| 0.557 76.7s |[41.69  61.97  ] | 1.40   1.78   183.15s
    55| 0.557 77.0s | 42.03  62.41   | 1.41   1.78   182.77s
    56| 0.556 76.6s | 42.24  62.72   | 1.40   1.77   183.32s
    57| 0.555 77.0s | 41.89  62.25   | 1.40   1.77   182.91s
    58| 0.554 76.7s | 41.85  62.19   | 1.40   1.77   183.31s
    59| 0.554 77.0s | 41.84  62.19   | 1.39   1.76   183.58s
    60| 0.553 75.9s |[41.43  61.61  ] | 1.40   1.76   182.86s
    61| 0.553 76.9s |[40.21  60.03  ] | 1.38   1.75   182.98s
    62| 0.552 76.7s |[40.20  60.00  ] | 1.39   1.75   183.48s
    63| 0.551 76.1s |[40.07  59.80  ] | 1.39   1.75   183.83s
    64| 0.551 75.0s |[40.00  59.76  ] | 1.38   1.75   185.41s
    65| 0.550 76.1s |[39.53  59.14  ] | 1.38   1.74   185.32s
    66| 0.550 77.3s | 40.59  60.53   | 1.39   1.75   185.15s
    67| 0.549 76.5s | 40.10  59.92   | 1.38   1.75   184.51s
    68| 0.549 77.0s | 40.49  60.37   | 1.38   1.75   185.40s
    69| 0.548 76.9s | 39.57  59.18   | 1.37   1.74   185.42s
    70| 0.547 76.4s |[39.23  58.80  ] | 1.38   1.74   186.05s
    71| 0.547 73.8s |[39.03  58.44  ] | 1.40   1.77   185.96s
    72| 0.546 76.9s | 40.97  61.06   | 1.38   1.74   185.76s
    73| 0.546 76.4s | 40.72  60.66   | 1.38   1.74   185.48s
    74| 0.546 77.4s | 40.21  59.99   | 1.39   1.75   185.89s
    75| 0.545 76.2s | 39.31  58.81   | 1.38   1.74   184.20s
    76| 0.544 75.8s | 39.63  59.24   | 1.38   1.75   185.79s
    77| 0.544 77.2s |[38.27  57.42  ] | 1.38   1.75   185.36s
    78| 0.543 75.4s | 38.85  58.24   | 1.37   1.73   185.31s
    79| 0.543 76.2s | 39.25  58.67   | 1.38   1.75   185.73s
    80| 0.543 77.1s |[38.18  57.29  ] | 1.39   1.75   185.65s
    81| 0.542 76.9s | 39.49  59.01   | 1.38   1.74   185.68s
    82| 0.541 76.9s | 38.78  58.11   | 1.38   1.74   185.78s
    83| 0.541 38.9s |[37.74  56.60  ] | 1.41   1.78   182.22s
    84| 0.540 76.2s | 40.09  59.69   | 1.39   1.75   183.78s
    85| 0.540 76.7s | 39.16  58.46   | 1.38   1.75   184.20s
    86| 0.539 76.8s | 38.08  57.01   | 1.39   1.75   184.36s
    87| 0.539 76.7s | 37.81  56.79   | 1.38   1.75   184.50s
    88| 0.539 77.0s | 38.21  57.25   | 1.39   1.75   184.36s
    89| 0.538 76.6s | 37.75  56.52   | 1.39   1.75   184.12s
    90| 0.536 76.6s |[32.02  48.44  ] | 1.35   1.70   184.18s
    91| 0.535 67.8s |[31.88  48.31  ] | 1.35   1.70   183.79s
    92| 0.534 77.4s |[31.79  48.22  ] | 1.35   1.70   183.66s
    93| 0.534 76.6s | 31.81  48.29   | 1.35   1.69   184.11s
    94| 0.533 77.1s |[31.74  48.22  ] | 1.34   1.69   183.56s
    95| 0.533 69.4s |[31.71  48.17  ] | 1.34   1.69   184.06s
    96| 0.532 76.9s |[31.69  48.18  ] | 1.34   1.69   183.55s
    97| 0.532 77.2s |[31.67  48.16  ] | 1.34   1.69   183.97s
    98| 0.531 76.8s | 31.68  48.20   | 1.34   1.69   183.72s
    99| 0.531 76.2s | 31.71  48.26   | 1.34   1.69   184.00s
   100| 0.531 77.5s |[31.64  48.16  ] | 1.34   1.69   184.28s
   101| 0.530 76.7s |[31.62  48.14  ] | 1.34   1.69   184.46s
   102| 0.530 76.9s | 31.79  48.42   | 1.34   1.69   184.20s
   103| 0.530 76.7s | 31.79  48.41   | 1.34   1.69   183.79s
   104| 0.529 75.6s | 31.63  48.17   | 1.34   1.69   182.97s
   105| 0.529 76.2s | 31.68  48.23   | 1.34   1.69   182.11s
   106| 0.529 75.0s | 31.78  48.42   | 1.34   1.69   180.78s
   107| 0.528 77.1s | 31.83  48.48   | 1.34   1.69   183.28s
   108| 0.528 76.5s |[30.84  46.64  ] | 1.33   1.68   182.88s
   109| 0.528 76.8s |[30.76  46.56  ] | 1.33   1.68   182.87s
   110| 0.527 76.6s |[30.67  46.49  ] | 1.33   1.68   183.45s
   111| 0.527 76.6s |[30.64  46.44  ] | 1.33   1.67   183.36s
   112| 0.527 76.8s |[30.57  46.40  ] | 1.33   1.67   185.14s
   113| 0.526 56.6s |[30.57  46.39  ] | 1.33   1.67   186.21s
   114| 0.526 75.1s |[30.51  46.35  ] | 1.33   1.67   184.92s
   115| 0.526 73.1s |[30.47  46.30  ] | 1.33   1.67   185.37s
   116| 0.526 72.6s |[30.44  46.28  ] | 1.33   1.67   185.74s
   117| 0.525 77.3s |[30.43  46.27  ] | 1.33   1.67   185.44s
   118| 0.525 76.8s |[30.39  46.23  ] | 1.33   1.67   185.96s
   119| 0.525 76.6s |[30.38  46.21  ] | 1.33   1.67   186.01s
   120| 0.525 74.4s |[30.34  46.18  ] | 1.33   1.67   185.38s
   121| 0.524 76.7s |[30.34  46.18  ] | 1.33   1.67   185.31s
   122| 0.524 76.5s |[30.32  46.16  ] | 1.33   1.67   184.36s
   123| 0.524 62.5s |[30.31  46.16  ] | 1.33   1.67   181.31s
   124| 0.524 76.1s | 30.31  46.14   | 1.33   1.67   182.65s
   125| 0.524 77.1s |[30.28  46.13  ] | 1.33   1.67   183.51s
   126| 0.523 74.5s |[30.27  46.13  ] | 1.32   1.67   184.50s
   127| 0.523 75.8s |[30.25  46.10  ] | 1.32   1.67   184.58s
   128| 0.523 77.1s |[30.25  46.10  ] | 1.32   1.67   184.96s
   129| 0.523 74.5s |[30.23  46.08  ] | 1.32   1.67   182.07s
   130| 0.523 76.4s | 30.24  46.10   | 1.32   1.67   182.35s
   131| 0.522 64.7s |[30.21  46.06  ] | 1.32   1.66   182.98s
   132| 0.522 70.6s |[30.19  46.05  ] | 1.32   1.66   183.16s
   133| 0.522 74.8s | 30.23  46.08   | 1.32   1.66   183.79s
   134| 0.522 76.5s | 30.22  46.08   | 1.32   1.66   183.18s
   135| 0.522 76.0s |[30.18  46.05  ] | 1.32   1.66   182.79s
   136| 0.521 76.7s | 30.18  46.05   | 1.32   1.66   183.86s
   137| 0.521 76.6s |[30.18  46.06  ] | 1.32   1.66   184.78s
   138| 0.521 76.8s |[30.16  46.03  ] | 1.32   1.66   185.74s
   139| 0.521 74.3s | 30.17  46.04   | 1.32   1.66   185.63s
   140| 0.521 76.3s |[30.15  46.03  ] | 1.32   1.66   184.74s
   141| 0.521 76.6s | 30.15  46.01   | 1.32   1.66   184.74s
   142| 0.520 75.4s | 30.15  46.03   | 1.32   1.66   185.87s
   143| 0.520 76.3s | 30.15  46.02   | 1.32   1.66   185.67s
   144| 0.520 76.2s |[30.14  46.03  ] | 1.32   1.66   185.42s
   145| 0.520 76.2s | 30.15  46.04   | 1.32   1.66   184.85s
   146| 0.520 75.4s |[30.14  46.03  ] | 1.32   1.66   186.40s
   147| 0.521 76.9s |[30.12  45.89  ] | 1.32   1.66   185.19s
   148| 0.520 76.1s |[30.08  45.86  ] | 1.32   1.66   185.93s
   149| 0.520 76.6s |[30.05  45.82  ] | 1.32   1.65   186.12s
   150| 0.520 72.9s |[30.03  45.82  ] | 1.31   1.65   184.96s
   151| 0.520 76.9s |[30.02  45.80  ] | 1.32   1.65   184.81s
   152| 0.520 76.4s |[30.01  45.79  ] | 1.32   1.65   185.63s
   153| 0.519 76.2s |[30.00  45.78  ] | 1.31   1.65   185.95s
   154| 0.519 74.2s |[29.99  45.78  ] | 1.31   1.65   186.15s
   155| 0.519 77.0s |[29.98  45.76  ] | 1.31   1.65   185.72s
   156| 0.519 76.9s |[29.97  45.77  ] | 1.31   1.65   185.41s
   157| 0.519 76.4s |[29.96  45.75  ] | 1.31   1.65   184.73s
   158| 0.519 77.0s |[29.95  45.75  ] | 1.31   1.65   184.93s
   159| 0.519 77.3s |[29.94  45.74  ] | 1.31   1.65   184.99s
   160| 0.518 76.1s | 29.95  45.74   | 1.31   1.65   183.02s
   161| 0.518 74.3s |[29.94  45.74  ] | 1.31   1.65   184.15s
   162| 0.518 72.5s |[29.94  45.73  ] | 1.31   1.65   185.01s
   163| 0.518 75.6s |[29.93  45.72  ] | 1.31   1.65   184.36s
   164| 0.518 75.8s |[29.92  45.71  ] | 1.31   1.65   185.07s
   165| 0.518 76.1s |[29.92  45.71  ] | 1.31   1.65   183.67s
   166| 0.518 68.9s |[29.91  45.71  ] | 1.31   1.65   183.84s
   167| 0.518 76.7s |[29.91  45.70  ] | 1.31   1.65   184.43s
   168| 0.518 76.8s |[29.90  45.70  ] | 1.31   1.65   184.82s
   169| 0.517 77.2s |[29.89  45.69  ] | 1.31   1.65   184.13s
   170| 0.517 76.3s |[29.89  45.69  ] | 1.31   1.65   184.53s
   171| 0.517 76.1s |[29.88  45.67  ] | 1.31   1.65   184.92s
   172| 0.517 75.5s |[29.87  45.67  ] | 1.31   1.65   185.27s
   173| 0.517 76.1s |[29.86  45.66  ] | 1.31   1.65   184.34s
   174| 0.517 73.8s | 29.86  45.66   | 1.31   1.65   184.88s
   175| 0.517 75.4s |[29.86  45.66  ] | 1.31   1.65   185.21s
   176| 0.517 77.2s |[29.86  45.66  ] | 1.31   1.65   184.02s
   177| 0.517 76.4s |[29.85  45.64  ] | 1.31   1.65   183.02s
   178| 0.516 76.6s |[29.84  45.65  ] | 1.31   1.65   184.29s
   179| 0.516 77.1s |[29.84  45.65  ] | 1.31   1.65   183.70s
   180| 0.516 43.8s |[29.83  45.64  ] | 1.31   1.65   182.77s
   181| 0.516 76.3s | 29.84  45.63   | 1.31   1.65   184.70s
   182| 0.516 75.3s | 29.83  45.63   | 1.31   1.65   184.78s
   183| 0.516 76.2s | 29.84  45.63   | 1.31   1.65   184.63s
   184| 0.516 75.7s |[29.83  45.63  ] | 1.31   1.65   184.69s
   185| 0.516 76.7s |[29.81  45.62  ] | 1.31   1.65   183.90s
   186| 0.516 76.4s |[29.81  45.61  ] | 1.31   1.65   184.03s
   187| 0.516 76.4s | 29.81  45.61   | 1.31   1.65   184.38s
   188| 0.515 76.4s | 29.81  45.61   | 1.31   1.65   183.89s
   189| 0.515 77.2s |[29.80  45.61  ] | 1.31   1.65   183.96s
   190| 0.515 76.6s | 29.80  45.61   | 1.31   1.65   183.22s
   191| 0.515 77.1s |[29.80  45.61  ] | 1.31   1.65   183.60s
   192| 0.515 76.6s |[29.80  45.61  ] | 1.31   1.65   184.74s
   193| 0.515 76.5s |[29.79  45.61  ] | 1.31   1.65   183.49s
   194| 0.515 76.9s |[29.79  45.60  ] | 1.31   1.65   184.93s
   195| 0.515 76.6s | 29.80  45.61   | 1.31   1.65   183.43s
   196| 0.515 70.1s | 29.79  45.60   | 1.31   1.65   184.14s
   197| 0.515 76.8s | 29.79  45.61   | 1.31   1.65   183.58s
   198| 0.515 76.8s |[29.78  45.59  ] | 1.31   1.65   184.53s
   199| 0.515 76.8s |[29.78  45.59  ] | 1.31   1.64   184.70s
   200| 0.514 67.8s | 29.78  45.60   | 1.31   1.64   183.42s
   201| 0.514 76.7s |[29.77  45.59  ] | 1.31   1.64   181.72s
   202| 0.514 73.3s |[29.76  45.58  ] | 1.31   1.64   182.14s
   203| 0.514 76.5s | 29.76  45.58   | 1.31   1.64   182.48s
   204| 0.514 76.2s | 29.76  45.58   | 1.31   1.64   182.14s
   205| 0.514 76.9s | 29.76  45.58   | 1.31   1.64   181.35s
   206| 0.514 76.7s |[29.74  45.57  ] | 1.31   1.64   182.32s
   207| 0.514 76.9s |[29.74  45.56  ] | 1.31   1.64   181.88s
   208| 0.514 75.2s |[29.73  45.56  ] | 1.31   1.64   182.20s
   209| 0.514 76.6s |[29.73  45.55  ] | 1.31   1.64   181.57s
   210| 0.514 76.6s | 29.73  45.56   | 1.31   1.64   182.15s
   211| 0.513 76.3s | 29.74  45.56   | 1.31   1.64   181.31s
   212| 0.513 76.0s |[29.73  45.56  ] | 1.31   1.64   181.94s
   213| 0.513 73.7s |[29.71  45.54  ] | 1.31   1.64   182.20s
   214| 0.513 66.3s | 29.71  45.53   | 1.31   1.64   182.40s
   215| 0.513 55.1s |[29.70  45.52  ] | 1.31   1.64   182.18s
   216| 0.513 71.9s | 29.71  45.53   | 1.31   1.64   181.14s
   217| 0.513 77.1s | 29.72  45.55   | 1.31   1.64   181.37s
   218| 0.513 75.8s | 29.71  45.54   | 1.31   1.64   180.25s
   219| 0.513 75.1s | 29.70  45.54   | 1.31   1.64   181.56s
   220| 0.513 76.4s | 29.71  45.54   | 1.31   1.64   181.56s
   221| 0.513 76.9s | 29.70  45.53   | 1.31   1.64   181.48s
   222| 0.514 77.2s | 29.79  45.67   | 1.30   1.64   181.95s
   223| 0.513 76.9s | 29.78  45.65   | 1.30   1.64   182.25s
   224| 0.513 76.6s | 29.77  45.65   | 1.30   1.64   182.10s
   225| 0.513 76.6s | 29.77  45.63   | 1.30   1.64   182.29s
   226| 0.513 74.9s | 29.76  45.63   | 1.30   1.64   182.46s
predict_path = '/root/projects/DiffSTG/output/forecast/PEMS04_UGnet_N200_ss200_h32_bs8_lr0.002_se0_e300_s2022_3cf0e0.pkl'
 |[22.89  35.27  ] | 0.48   0.61   9745.62s
sample_strategy:ddpm, sample_steps:200 Final results in test:22.89  35.27  16.16  0.08    253.49  | 227  
