{'PATH_MOD': '/root/projects/DiffSTG/output/model/', 'PATH_LOG': '/root/projects/DiffSTG/output/log/', 'PATH_FORECAST': '/root/projects/DiffSTG/output/forecast/', 'data': {'name': 'PEMS08', 'path': '/root/projects/DiffSTG/data/dataset/', 'feature_file': '/root/projects/DiffSTG/data/dataset/PEMS08/flow.npy', 'spatial': '/root/projects/DiffSTG/data/dataset/PEMS08/adj.npy', 'num_recent': 1, 'num_features': 1, 'num_vertices': 170, 'points_per_hour': 12, 'val_start_idx': 10713, 'test_start_idx': 14284}, 'gpu_id': 0, 'model': {'T_p': 12, 'T_h': 12, 'V': 170, 'F': 1, 'week_len': 7, 'day_len': 288, 'device': device(type='cuda', index=0), 'd_h': 32, 'N': 200, 'sample_steps': 200, 'epsilon_theta': 'UGnet', 'is_label_condition': True, 'beta_end': 0.1, 'beta_schedule': 'quad', 'sample_strategy': 'ddpm', 'channel_multipliers': [1, 2], 'supports_len': 2, 'C': 32, 'n_channels': 32}, 'n_samples': 8, 'model_name': 'DiffSTG', 'is_test': False, 'epoch': 300, 'optimizer': 'adam', 'lr': 0.002, 'batch_size': 8, 'wd': 1e-05, 'early_stop': 10, 'start_epoch': 0, 'device': device(type='cuda', index=0), 'logger': <utils.common_utils.Logger object at 0x7fab05d83810>, 'nni': False, 'mask_ratio': 0.0, 'seed': 2022, 'test_batch_size': 8, 'val_subset': 512, 'T_h': 12, 'T_p': 12, 'trial_name': 'PEMS08_UGnet_N200_ss200_h32_bs8_lr0.002_se0_e300_s2022_6788e0', 'log_path': '/root/projects/DiffSTG/output/log/PEMS08_UGnet_N200_ss200_h32_bs8_lr0.002_se0_e300_s2022_6788e0.log'}
model path:/root/projects/DiffSTG/output/model/PEMS08_UGnet_N200_ss200_h32_bs8_lr0.002_se0_e300_s2022_6788e0.dm4stg
forecast_path:/root/projects/DiffSTG/output/model/PEMS08_UGnet_N200_ss200_h32_bs8_lr0.002_se0_e300_s2022_6788e0.dm4stg
DiffSTG(
  (eps_model): UGnet(
    (down): ModuleList(
      (0-1): 2 x DownBlock(
        (res): ResidualBlock(
          (tcn1): TcnBlock(
            (conv): Conv2d(32, 32, kernel_size=(3, 3), stride=(1, 1), padding=(1, 2))
            (chomp): Chomp()
            (drop): Dropout(p=0.0, inplace=False)
            (net): Sequential(
              (0): Conv2d(32, 32, kernel_size=(3, 3), stride=(1, 1), padding=(1, 2))
              (1): Chomp()
              (2): Dropout(p=0.0, inplace=False)
            )
          )
          (tcn2): TcnBlock(
            (conv): Conv2d(32, 32, kernel_size=(3, 3), stride=(1, 1), padding=(1, 2))
            (chomp): Chomp()
            (drop): Dropout(p=0.0, inplace=False)
            (net): Sequential(
              (0): Conv2d(32, 32, kernel_size=(3, 3), stride=(1, 1), padding=(1, 2))
              (1): Chomp()
              (2): Dropout(p=0.0, inplace=False)
            )
          )
          (shortcut): Identity()
          (t_conv): Conv2d(32, 32, kernel_size=(1, 1), stride=(1, 1))
          (spatial): SpatialBlock()
          (norm): LayerNorm((170, 32), eps=1e-05, elementwise_affine=True)
        )
      )
      (2): Downsample(
        (conv): Conv2d(32, 32, kernel_size=(1, 3), stride=(1, 2), padding=(0, 1))
      )
      (3): DownBlock(
        (res): ResidualBlock(
          (tcn1): TcnBlock(
            (conv): Conv2d(32, 64, kernel_size=(3, 3), stride=(1, 1), padding=(1, 2))
            (chomp): Chomp()
            (drop): Dropout(p=0.0, inplace=False)
            (net): Sequential(
              (0): Conv2d(32, 64, kernel_size=(3, 3), stride=(1, 1), padding=(1, 2))
              (1): Chomp()
              (2): Dropout(p=0.0, inplace=False)
            )
            (shortcut): Conv2d(32, 64, kernel_size=(1, 1), stride=(1, 1))
          )
          (tcn2): TcnBlock(
            (conv): Conv2d(64, 64, kernel_size=(3, 3), stride=(1, 1), padding=(1, 2))
            (chomp): Chomp()
            (drop): Dropout(p=0.0, inplace=False)
            (net): Sequential(
              (0): Conv2d(64, 64, kernel_size=(3, 3), stride=(1, 1), padding=(1, 2))
              (1): Chomp()
              (2): Dropout(p=0.0, inplace=False)
            )
          )
          (shortcut): Conv2d(32, 64, kernel_size=(1, 1), stride=(1, 1))
          (t_conv): Conv2d(32, 64, kernel_size=(1, 1), stride=(1, 1))
          (spatial): SpatialBlock()
          (norm): LayerNorm((170, 64), eps=1e-05, elementwise_affine=True)
        )
      )
      (4): DownBlock(
        (res): ResidualBlock(
          (tcn1): TcnBlock(
            (conv): Conv2d(64, 64, kernel_size=(3, 3), stride=(1, 1), padding=(1, 2))
            (chomp): Chomp()
            (drop): Dropout(p=0.0, inplace=False)
            (net): Sequential(
              (0): Conv2d(64, 64, kernel_size=(3, 3), stride=(1, 1), padding=(1, 2))
              (1): Chomp()
              (2): Dropout(p=0.0, inplace=False)
            )
          )
          (tcn2): TcnBlock(
            (conv): Conv2d(64, 64, kernel_size=(3, 3), stride=(1, 1), padding=(1, 2))
            (chomp): Chomp()
            (drop): Dropout(p=0.0, inplace=False)
            (net): Sequential(
              (0): Conv2d(64, 64, kernel_size=(3, 3), stride=(1, 1), padding=(1, 2))
              (1): Chomp()
              (2): Dropout(p=0.0, inplace=False)
            )
          )
          (shortcut): Identity()
          (t_conv): Conv2d(32, 64, kernel_size=(1, 1), stride=(1, 1))
          (spatial): SpatialBlock()
          (norm): LayerNorm((170, 64), eps=1e-05, elementwise_affine=True)
        )
      )
    )
    (middle): MiddleBlock(
      (res1): ResidualBlock(
        (tcn1): TcnBlock(
          (conv): Conv2d(64, 64, kernel_size=(3, 3), stride=(1, 1), padding=(1, 2))
          (chomp): Chomp()
          (drop): Dropout(p=0.0, inplace=False)
          (net): Sequential(
            (0): Conv2d(64, 64, kernel_size=(3, 3), stride=(1, 1), padding=(1, 2))
            (1): Chomp()
            (2): Dropout(p=0.0, inplace=False)
          )
        )
        (tcn2): TcnBlock(
          (conv): Conv2d(64, 64, kernel_size=(3, 3), stride=(1, 1), padding=(1, 2))
          (chomp): Chomp()
          (drop): Dropout(p=0.0, inplace=False)
          (net): Sequential(
            (0): Conv2d(64, 64, kernel_size=(3, 3), stride=(1, 1), padding=(1, 2))
            (1): Chomp()
            (2): Dropout(p=0.0, inplace=False)
          )
        )
        (shortcut): Identity()
        (t_conv): Conv2d(32, 64, kernel_size=(1, 1), stride=(1, 1))
        (spatial): SpatialBlock()
        (norm): LayerNorm((170, 64), eps=1e-05, elementwise_affine=True)
      )
      (res2): ResidualBlock(
        (tcn1): TcnBlock(
          (conv): Conv2d(64, 64, kernel_size=(3, 3), stride=(1, 1), padding=(1, 2))
          (chomp): Chomp()
          (drop): Dropout(p=0.0, inplace=False)
          (net): Sequential(
            (0): Conv2d(64, 64, kernel_size=(3, 3), stride=(1, 1), padding=(1, 2))
            (1): Chomp()
            (2): Dropout(p=0.0, inplace=False)
          )
        )
        (tcn2): TcnBlock(
          (conv): Conv2d(64, 64, kernel_size=(3, 3), stride=(1, 1), padding=(1, 2))
          (chomp): Chomp()
          (drop): Dropout(p=0.0, inplace=False)
          (net): Sequential(
            (0): Conv2d(64, 64, kernel_size=(3, 3), stride=(1, 1), padding=(1, 2))
            (1): Chomp()
            (2): Dropout(p=0.0, inplace=False)
          )
        )
        (shortcut): Identity()
        (t_conv): Conv2d(32, 64, kernel_size=(1, 1), stride=(1, 1))
        (spatial): SpatialBlock()
        (norm): LayerNorm((170, 64), eps=1e-05, elementwise_affine=True)
      )
    )
    (up): ModuleList(
      (0-1): 2 x UpBlock(
        (res): ResidualBlock(
          (tcn1): TcnBlock(
            (conv): Conv2d(128, 64, kernel_size=(3, 3), stride=(1, 1), padding=(1, 2))
            (chomp): Chomp()
            (drop): Dropout(p=0.0, inplace=False)
            (net): Sequential(
              (0): Conv2d(128, 64, kernel_size=(3, 3), stride=(1, 1), padding=(1, 2))
              (1): Chomp()
              (2): Dropout(p=0.0, inplace=False)
            )
            (shortcut): Conv2d(128, 64, kernel_size=(1, 1), stride=(1, 1))
          )
          (tcn2): TcnBlock(
            (conv): Conv2d(64, 64, kernel_size=(3, 3), stride=(1, 1), padding=(1, 2))
            (chomp): Chomp()
            (drop): Dropout(p=0.0, inplace=False)
            (net): Sequential(
              (0): Conv2d(64, 64, kernel_size=(3, 3), stride=(1, 1), padding=(1, 2))
              (1): Chomp()
              (2): Dropout(p=0.0, inplace=False)
            )
          )
          (shortcut): Conv2d(128, 64, kernel_size=(1, 1), stride=(1, 1))
          (t_conv): Conv2d(32, 64, kernel_size=(1, 1), stride=(1, 1))
          (spatial): SpatialBlock()
          (norm): LayerNorm((170, 64), eps=1e-05, elementwise_affine=True)
        )
      )
      (2): UpBlock(
        (res): ResidualBlock(
          (tcn1): TcnBlock(
            (conv): Conv2d(96, 32, kernel_size=(3, 3), stride=(1, 1), padding=(1, 2))
            (chomp): Chomp()
            (drop): Dropout(p=0.0, inplace=False)
            (net): Sequential(
              (0): Conv2d(96, 32, kernel_size=(3, 3), stride=(1, 1), padding=(1, 2))
              (1): Chomp()
              (2): Dropout(p=0.0, inplace=False)
            )
            (shortcut): Conv2d(96, 32, kernel_size=(1, 1), stride=(1, 1))
          )
          (tcn2): TcnBlock(
            (conv): Conv2d(32, 32, kernel_size=(3, 3), stride=(1, 1), padding=(1, 2))
            (chomp): Chomp()
            (drop): Dropout(p=0.0, inplace=False)
            (net): Sequential(
              (0): Conv2d(32, 32, kernel_size=(3, 3), stride=(1, 1), padding=(1, 2))
              (1): Chomp()
              (2): Dropout(p=0.0, inplace=False)
            )
          )
          (shortcut): Conv2d(96, 32, kernel_size=(1, 1), stride=(1, 1))
          (t_conv): Conv2d(32, 32, kernel_size=(1, 1), stride=(1, 1))
          (spatial): SpatialBlock()
          (norm): LayerNorm((170, 32), eps=1e-05, elementwise_affine=True)
        )
      )
      (3): Upsample(
        (conv): ConvTranspose2d(32, 32, kernel_size=(1, 4), stride=(1, 2), padding=(0, 1))
      )
      (4-6): 3 x UpBlock(
        (res): ResidualBlock(
          (tcn1): TcnBlock(
            (conv): Conv2d(64, 32, kernel_size=(3, 3), stride=(1, 1), padding=(1, 2))
            (chomp): Chomp()
            (drop): Dropout(p=0.0, inplace=False)
            (net): Sequential(
              (0): Conv2d(64, 32, kernel_size=(3, 3), stride=(1, 1), padding=(1, 2))
              (1): Chomp()
              (2): Dropout(p=0.0, inplace=False)
            )
            (shortcut): Conv2d(64, 32, kernel_size=(1, 1), stride=(1, 1))
          )
          (tcn2): TcnBlock(
            (conv): Conv2d(32, 32, kernel_size=(3, 3), stride=(1, 1), padding=(1, 2))
            (chomp): Chomp()
            (drop): Dropout(p=0.0, inplace=False)
            (net): Sequential(
              (0): Conv2d(32, 32, kernel_size=(3, 3), stride=(1, 1), padding=(1, 2))
              (1): Chomp()
              (2): Dropout(p=0.0, inplace=False)
            )
          )
          (shortcut): Conv2d(64, 32, kernel_size=(1, 1), stride=(1, 1))
          (t_conv): Conv2d(32, 32, kernel_size=(1, 1), stride=(1, 1))
          (spatial): SpatialBlock()
          (norm): LayerNorm((170, 32), eps=1e-05, elementwise_affine=True)
        )
      )
    )
    (x_proj): Conv2d(1, 32, kernel_size=(1, 1), stride=(1, 1))
    (out): Sequential(
      (0): Conv2d(32, 1, kernel_size=(1, 1), stride=(1, 1))
      (1): Linear(in_features=48, out_features=24, bias=True)
    )
  )
)Num_of_parameters:996793
      |---Train--- |---Val Future-- -|-----Val History----|
Epoch | Loss  Time | MAE     RMSE    |  MAE    RMSE   Time|
     0| 1.822 57.3s |[69.22  94.07  ] | 42.33  55.00  86.88s
     1| 0.825 77.1s |[68.07  97.16  ] | 45.81  56.21  86.43s
     2| 0.736 76.3s |[62.44  88.14  ] | 31.31  38.81  86.32s
     3| 0.682 76.7s | 75.09  104.89  | 41.76  51.92  85.98s
     4| 0.877 77.1s | 64.27  86.53   | 69.96  84.81  86.18s
     5| 0.772 76.7s | 106.97 142.77  | 36.02  52.55  86.18s
     6| 0.674 77.2s | 85.92  121.06  | 35.71  44.63  86.30s
     7| 0.724 77.2s | 78.31  105.61  | 31.26  40.15  86.21s
     8| 0.698 77.1s | 85.24  116.41  | 20.36  26.97  86.26s
     9| 0.598 76.9s | 62.95  86.88   | 6.11   8.92   86.44s
    10| 0.590 77.1s |[58.53  81.09  ] | 4.84   6.81   86.24s
    11| 0.583 76.7s | 59.80  82.22   | 4.80   6.83   86.76s
    12| 0.575 76.8s |[53.90  74.66  ] | 4.67   6.17   86.30s
    13| 0.613 77.3s |[48.83  68.07  ] | 3.84   5.45   86.60s
    14| 0.571 77.0s | 50.74  70.56   | 3.19   4.36   86.23s
    15| 0.566 76.9s | 53.40  73.90   | 3.04   4.18   86.53s
    16| 0.561 71.8s | 54.21  74.77   | 3.24   4.38   87.18s
    17| 0.558 50.4s | 49.46  68.75   | 2.76   3.64   86.94s
    18| 0.555 77.1s | 49.95  69.39   | 2.50   3.31   87.05s
    19| 0.554 76.9s |[44.61  62.69  ] | 2.70   3.61   86.59s
    20| 0.549 77.1s |[43.07  60.68  ] | 2.69   3.56   86.34s
    21| 0.548 77.2s | 44.93  63.19   | 2.42   3.27   86.34s
    22| 0.544 77.4s |[42.24  59.60  ] | 2.60   3.45   85.94s
    23| 0.542 77.3s | 43.42  61.22   | 2.66   3.58   86.52s
    24| 0.540 76.6s | 44.85  63.09   | 2.31   3.11   86.13s
    25| 0.538 76.8s | 42.57  60.02   | 2.20   2.97   86.60s
    26| 0.535 76.7s |[39.47  55.86  ] | 2.57   3.41   86.54s
    27| 0.535 76.8s | 42.60  60.01   | 2.11   2.84   86.34s
    28| 0.532 76.4s |[38.66  54.92  ] | 2.20   2.90   86.11s
    29| 0.530 76.6s | 39.64  56.08   | 2.04   2.69   86.61s
    30| 0.530 77.1s | 40.84  57.74   | 1.91   2.53   86.28s
    31| 0.527 76.7s |[36.40  51.78  ] | 2.01   2.62   85.93s
    32| 0.527 77.2s | 40.90  57.94   | 1.94   2.56   86.53s
    33| 0.524 77.2s | 39.67  56.16   | 1.88   2.50   86.63s
    34| 0.522 76.9s | 39.00  55.34   | 1.86   2.50   86.65s
    35| 0.522 77.0s | 38.95  55.24   | 1.91   2.53   86.75s
    36| 0.520 77.2s | 37.20  52.78   | 1.96   2.57   86.62s
    37| 0.518 76.8s | 37.84  53.49   | 2.07   2.76   86.61s
    38| 0.503 77.2s |[32.16  46.80  ] | 1.65   2.22   86.58s
    39| 0.501 76.7s |[30.81  44.96  ] | 1.63   2.19   86.57s
    40| 0.499 76.8s |[30.65  44.94  ] | 1.63   2.19   86.65s
    41| 0.498 77.2s |[29.86  43.94  ] | 1.59   2.13   86.58s
    42| 0.496 76.7s |[29.79  43.81  ] | 1.62   2.17   86.45s
    43| 0.495 77.3s | 29.99  44.07   | 1.58   2.14   86.90s
    44| 0.494 77.4s |[28.73  42.47  ] | 1.60   2.14   86.94s
    45| 0.493 77.0s |[28.59  42.24  ] | 1.60   2.15   86.91s
    46| 0.492 76.7s |[28.22  41.70  ] | 1.56   2.10   87.01s
    47| 0.491 76.7s | 28.70  42.19   | 1.56   2.10   86.77s
    48| 0.490 77.5s | 28.67  42.28   | 1.57   2.11   86.66s
    49| 0.489 77.1s | 29.68  43.55   | 1.57   2.11   86.31s
    50| 0.487 77.2s | 28.96  42.38   | 1.54   2.06   87.04s
    51| 0.487 77.5s | 30.71  44.82   | 1.51   2.03   86.85s
    52| 0.486 77.0s | 30.27  44.24   | 1.56   2.11   86.47s
    53| 0.480 77.4s |[26.49  39.79  ] | 1.49   1.96   86.76s
    54| 0.478 77.1s | 26.65  40.07   | 1.46   1.92   86.69s
    55| 0.477 77.2s | 26.65  40.06   | 1.45   1.90   86.42s
    56| 0.475 76.9s | 26.58  39.95   | 1.44   1.88   86.86s
    57| 0.474 76.9s | 26.49  39.80   | 1.43   1.87   86.27s
    58| 0.474 77.1s |[26.45  39.78  ] | 1.43   1.87   86.41s
    59| 0.473 77.4s | 26.50  39.82   | 1.41   1.84   86.52s
    60| 0.472 77.1s |[26.35  39.64  ] | 1.42   1.84   86.56s
    61| 0.471 77.0s | 26.42  39.73   | 1.41   1.83   86.18s
    62| 0.470 77.4s |[26.29  39.56  ] | 1.40   1.81   86.82s
    63| 0.469 43.4s |[26.19  39.44  ] | 1.40   1.80   89.37s
    64| 0.469 41.5s |[26.18  39.36  ] | 1.38   1.78   89.79s
    65| 0.468 65.5s |[26.15  39.30  ] | 1.39   1.80   86.83s
    66| 0.467 72.7s |[26.06  39.20  ] | 1.38   1.78   86.64s
    67| 0.466 77.1s | 26.39  39.56   | 1.38   1.77   86.75s
    68| 0.466 76.9s | 26.38  39.61   | 1.39   1.78   86.38s
    69| 0.465 76.9s | 26.16  39.34   | 1.38   1.78   86.91s
    70| 0.464 77.2s |[26.05  39.22  ] | 1.39   1.79   85.88s
    71| 0.464 76.9s |[26.01  39.16  ] | 1.38   1.78   86.23s
    72| 0.463 76.5s | 26.07  39.24   | 1.40   1.80   86.57s
    73| 0.462 76.8s |[26.00  39.23  ] | 1.39   1.79   86.19s
    74| 0.462 77.2s | 26.14  39.39   | 1.39   1.80   86.32s
    75| 0.461 77.1s | 26.02  39.30   | 1.40   1.80   86.52s
    76| 0.460 76.8s |[25.84  39.04  ] | 1.40   1.81   86.62s
    77| 0.460 76.9s |[25.74  38.94  ] | 1.40   1.79   86.32s
    78| 0.459 76.8s | 25.77  38.95   | 1.41   1.81   86.42s
    79| 0.459 77.1s | 25.91  39.18   | 1.38   1.77   86.82s
    80| 0.458 77.3s |[25.69  38.86  ] | 1.38   1.76   86.16s
    81| 0.457 77.1s |[25.60  38.77  ] | 1.39   1.77   86.68s
    82| 0.457 77.0s | 25.68  38.96   | 1.39   1.79   86.44s
    83| 0.456 76.9s | 25.76  38.93   | 1.39   1.77   86.54s
    84| 0.456 77.1s | 25.70  38.87   | 1.37   1.75   86.40s
    85| 0.455 76.9s | 25.79  39.00   | 1.37   1.75   86.42s
    86| 0.454 76.9s | 25.67  38.85   | 1.38   1.77   86.64s
    87| 0.454 45.3s | 25.80  39.01   | 1.37   1.75   88.17s
    88| 0.453 77.1s |[24.90  37.62  ] | 1.35   1.71   86.78s
    89| 0.451 76.8s |[24.84  37.67  ] | 1.34   1.71   86.45s
    90| 0.450 76.7s |[24.82  37.66  ] | 1.34   1.71   86.67s
    91| 0.449 69.2s | 24.87  37.76   | 1.34   1.70   87.04s
    92| 0.449 41.9s | 24.85  37.75   | 1.34   1.70   89.00s
    93| 0.448 76.7s | 24.86  37.81   | 1.33   1.70   86.64s
    94| 0.447 75.7s | 24.85  37.82   | 1.33   1.70   86.72s
    95| 0.447 77.2s |[24.81  37.76  ] | 1.33   1.70   86.57s
    96| 0.446 76.4s | 24.82  37.78   | 1.33   1.69   87.01s
    97| 0.446 77.2s | 24.82  37.79   | 1.33   1.69   86.27s
    98| 0.445 77.0s |[24.79  37.76  ] | 1.33   1.69   86.89s
    99| 0.445 77.3s |[24.79  37.78  ] | 1.33   1.69   87.13s
   100| 0.444 75.7s |[24.70  37.66  ] | 1.33   1.69   86.84s
   101| 0.444 76.8s | 24.73  37.72   | 1.33   1.70   86.96s
   102| 0.444 77.5s | 24.73  37.74   | 1.33   1.69   87.24s
   103| 0.443 75.6s | 24.71  37.72   | 1.33   1.69   87.04s
   104| 0.443 77.2s |[24.68  37.69  ] | 1.33   1.69   86.62s
   105| 0.442 77.4s |[24.67  37.70  ] | 1.33   1.69   86.43s
   106| 0.442 77.1s | 24.73  37.75   | 1.33   1.69   86.57s
   107| 0.441 73.4s |[24.66  37.69  ] | 1.33   1.69   86.97s
   108| 0.441 78.1s | 24.74  37.71   | 1.32   1.68   86.95s
   109| 0.441 69.4s | 24.71  37.75   | 1.33   1.69   88.06s
   110| 0.440 76.3s |[24.63  37.62  ] | 1.32   1.68   87.11s
   111| 0.440 76.1s | 24.69  37.70   | 1.32   1.68   87.52s
   112| 0.439 77.6s | 24.63  37.63   | 1.32   1.68   87.35s
   113| 0.439 78.0s |[24.57  37.55  ] | 1.32   1.67   87.20s
   114| 0.439 77.9s | 24.61  37.57   | 1.31   1.67   87.19s
   115| 0.438 77.5s |[24.55  37.52  ] | 1.32   1.68   87.44s
   116| 0.438 78.0s | 24.61  37.61   | 1.31   1.67   86.95s
   117| 0.438 78.1s | 24.56  37.53   | 1.31   1.67   87.18s
   118| 0.437 77.6s | 24.60  37.57   | 1.31   1.67   87.62s
   119| 0.437 78.0s | 24.59  37.56   | 1.31   1.67   87.12s
   120| 0.436 77.7s | 24.66  37.64   | 1.31   1.67   87.20s
   121| 0.436 77.6s | 24.63  37.65   | 1.31   1.67   87.23s
   122| 0.437 77.2s |[24.28  37.31  ] | 1.31   1.66   87.67s
   123| 0.437 70.0s |[24.26  37.27  ] | 1.31   1.66   87.34s
   124| 0.436 77.6s |[24.25  37.24  ] | 1.31   1.66   86.86s
   125| 0.436 78.2s |[24.25  37.22  ] | 1.31   1.66   87.18s
   126| 0.435 77.5s | 24.25  37.21   | 1.31   1.66   86.81s
   127| 0.435 77.7s | 24.25  37.21   | 1.30   1.66   87.62s
   128| 0.435 77.9s | 24.26  37.21   | 1.30   1.66   87.05s
   129| 0.434 78.4s | 24.27  37.22   | 1.30   1.66   87.46s
   130| 0.434 77.9s | 24.29  37.23   | 1.30   1.66   87.23s
   131| 0.434 78.2s | 24.30  37.25   | 1.30   1.65   86.70s
   132| 0.436 77.6s |[23.75  36.69  ] | 1.29   1.64   86.76s
   133| 0.435 77.5s |[23.75  36.68  ] | 1.29   1.64   87.25s
   134| 0.435 68.3s |[23.74  36.67  ] | 1.29   1.64   87.23s
   135| 0.434 78.2s |[23.74  36.67  ] | 1.29   1.64   86.34s
   136| 0.434 77.8s |[23.73  36.67  ] | 1.29   1.64   86.58s
   137| 0.434 78.4s |[23.73  36.66  ] | 1.29   1.63   86.44s
   138| 0.434 77.6s | 23.73  36.67   | 1.29   1.63   86.66s
   139| 0.433 77.2s | 23.74  36.67   | 1.29   1.63   86.70s
   140| 0.433 77.2s |[23.73  36.66  ] | 1.29   1.63   86.26s
   141| 0.433 77.9s |[23.72  36.65  ] | 1.29   1.63   85.98s
   142| 0.433 77.8s |[23.72  36.65  ] | 1.29   1.63   86.50s
   143| 0.432 77.9s | 23.72  36.65   | 1.28   1.63   86.44s
   144| 0.432 77.3s | 23.73  36.66   | 1.29   1.63   86.62s
   145| 0.432 78.1s | 23.73  36.66   | 1.28   1.63   86.16s
   146| 0.432 65.9s | 23.73  36.66   | 1.28   1.63   86.83s
   147| 0.432 77.4s | 23.72  36.65   | 1.28   1.63   86.45s
   148| 0.431 77.2s |[23.72  36.65  ] | 1.28   1.63   86.71s
   149| 0.433 77.1s |[23.70  36.65  ] | 1.28   1.62   86.17s
   150| 0.433 77.5s | 23.70  36.66   | 1.28   1.62   86.65s
   151| 0.433 70.7s |[23.70  36.66  ] | 1.28   1.62   87.70s
   152| 0.433 77.6s | 23.70  36.66   | 1.28   1.62   86.88s
   153| 0.432 77.8s | 23.70  36.66   | 1.28   1.62   86.60s
   154| 0.432 77.5s | 23.70  36.67   | 1.28   1.62   86.51s
   155| 0.432 78.3s | 23.70  36.67   | 1.28   1.62   86.30s
   156| 0.433 78.6s | 23.73  36.76   | 1.28   1.63   86.33s
   157| 0.433 78.3s | 23.72  36.75   | 1.28   1.63   86.78s
   158| 0.433 77.9s | 23.72  36.75   | 1.28   1.63   86.16s
   159| 0.433 74.3s | 23.72  36.75   | 1.28   1.63   86.17s
   160| 0.433 78.1s | 23.72  36.75   | 1.28   1.63   86.49s
   161| 0.433 78.4s | 23.72  36.75   | 1.28   1.63   86.35s
   162| 0.434 50.4s |[23.69  36.72  ] | 1.28   1.63   88.24s
   163| 0.433 78.2s |[23.68  36.71  ] | 1.28   1.63   86.34s
   164| 0.433 78.3s |[23.68  36.71  ] | 1.28   1.63   86.44s
   165| 0.433 77.6s |[23.68  36.71  ] | 1.28   1.63   86.54s
   166| 0.433 77.3s | 23.68  36.71   | 1.28   1.63   86.11s
   167| 0.433 77.9s | 23.68  36.71   | 1.28   1.63   86.12s
   168| 0.433 77.3s |[23.68  36.71  ] | 1.28   1.63   86.35s
   169| 0.433 77.4s | 23.68  36.71   | 1.28   1.62   86.63s
   170| 0.433 77.4s | 23.68  36.71   | 1.28   1.63   86.58s
   171| 0.433 77.5s | 23.68  36.71   | 1.28   1.63   86.65s
   172| 0.433 77.5s |[23.66  36.65  ] | 1.28   1.62   86.32s
   173| 0.433 77.7s |[23.66  36.65  ] | 1.28   1.62   86.37s
   174| 0.433 78.0s | 23.66  36.65   | 1.28   1.62   85.95s
   175| 0.433 77.3s | 23.66  36.65   | 1.28   1.62   86.27s
   176| 0.433 77.7s | 23.66  36.66   | 1.28   1.62   86.13s
   177| 0.433 66.8s | 23.66  36.65   | 1.28   1.62   87.88s
   178| 0.433 57.1s | 23.66  36.65   | 1.28   1.62   86.56s
   179| 0.433 77.6s | 23.66  36.66   | 1.28   1.62   86.52s
   180| 0.433 77.3s | 23.67  36.67   | 1.27   1.62   86.42s
   181| 0.433 77.2s | 23.67  36.67   | 1.27   1.62   86.39s
   182| 0.433 78.0s | 23.67  36.67   | 1.27   1.62   86.65s
   183| 0.433 55.0s | 23.67  36.67   | 1.27   1.62   87.02s
   184| 0.433 77.8s | 23.67  36.67   | 1.27   1.62   86.43s
predict_path = '/root/projects/DiffSTG/output/forecast/PEMS08_UGnet_N200_ss200_h32_bs8_lr0.002_se0_e300_s2022_6788e0.pkl'
 |[21.67  31.37  ] | 0.27   0.39   1012.26s
sample_strategy:ddim_multi, sample_steps:40 Final results in test:21.67  31.37  14.19  0.08    316.81  | 185  
