{'PATH_MOD': '/root/projects/DiffSTG/output/model/', 'PATH_LOG': '/root/projects/DiffSTG/output/log/', 'PATH_FORECAST': '/root/projects/DiffSTG/output/forecast/', 'data': {'name': 'PEMS08', 'path': '/root/projects/DiffSTG/data/dataset/', 'feature_file': '/root/projects/DiffSTG/data/dataset/PEMS08/flow.npy', 'spatial': '/root/projects/DiffSTG/data/dataset/PEMS08/adj.npy', 'num_recent': 1, 'num_features': 1, 'num_vertices': 170, 'points_per_hour': 12, 'val_start_idx': 10713, 'test_start_idx': 14284}, 'gpu_id': 0, 'model': {'T_p': 12, 'T_h': 12, 'V': 170, 'F': 1, 'week_len': 7, 'day_len': 288, 'device': device(type='cuda', index=0), 'd_h': 32, 'N': 200, 'sample_steps': 200, 'epsilon_theta': 'UGnet', 'is_label_condition': True, 'beta_end': 0.1, 'beta_schedule': 'quad', 'sample_strategy': 'ddpm', 'channel_multipliers': [1, 2], 'supports_len': 2, 'C': 32, 'n_channels': 32}, 'n_samples': 8, 'model_name': 'DiffSTG', 'is_test': False, 'epoch': 300, 'optimizer': 'adam', 'lr': 0.002, 'batch_size': 8, 'wd': 1e-05, 'early_stop': 10, 'start_epoch': 20, 'device': device(type='cuda', index=0), 'logger': <utils.common_utils.Logger object at 0x7fc2c8d13e90>, 'nni': False, 'mask_ratio': 0.0, 'seed': 2022, 'test_batch_size': 8, 'T_h': 12, 'T_p': 12, 'trial_name': 'PEMS08_UGnet_N200_ss200_h32_bs8_lr0.002_se20_e300_s2022_f62798', 'log_path': '/root/projects/DiffSTG/output/log/PEMS08_UGnet_N200_ss200_h32_bs8_lr0.002_se20_e300_s2022_f62798.log'}
model path:/root/projects/DiffSTG/output/model/PEMS08_UGnet_N200_ss200_h32_bs8_lr0.002_se20_e300_s2022_f62798.dm4stg
forecast_path:/root/projects/DiffSTG/output/model/PEMS08_UGnet_N200_ss200_h32_bs8_lr0.002_se20_e300_s2022_f62798.dm4stg
DiffSTG(
  (eps_model): UGnet(
    (down): ModuleList(
      (0-1): 2 x DownBlock(
        (res): ResidualBlock(
          (tcn1): TcnBlock(
            (conv): Conv2d(32, 32, kernel_size=(3, 3), stride=(1, 1), padding=(1, 2))
            (chomp): Chomp()
            (drop): Dropout(p=0.0, inplace=False)
            (net): Sequential(
              (0): Conv2d(32, 32, kernel_size=(3, 3), stride=(1, 1), padding=(1, 2))
              (1): Chomp()
              (2): Dropout(p=0.0, inplace=False)
            )
          )
          (tcn2): TcnBlock(
            (conv): Conv2d(32, 32, kernel_size=(3, 3), stride=(1, 1), padding=(1, 2))
            (chomp): Chomp()
            (drop): Dropout(p=0.0, inplace=False)
            (net): Sequential(
              (0): Conv2d(32, 32, kernel_size=(3, 3), stride=(1, 1), padding=(1, 2))
              (1): Chomp()
              (2): Dropout(p=0.0, inplace=False)
            )
          )
          (shortcut): Identity()
          (t_conv): Conv2d(32, 32, kernel_size=(1, 1), stride=(1, 1))
          (spatial): SpatialBlock()
          (norm): LayerNorm((170, 32), eps=1e-05, elementwise_affine=True)
        )
      )
      (2): Downsample(
        (conv): Conv2d(32, 32, kernel_size=(1, 3), stride=(1, 2), padding=(0, 1))
      )
      (3): DownBlock(
        (res): ResidualBlock(
          (tcn1): TcnBlock(
            (conv): Conv2d(32, 64, kernel_size=(3, 3), stride=(1, 1), padding=(1, 2))
            (chomp): Chomp()
            (drop): Dropout(p=0.0, inplace=False)
            (net): Sequential(
              (0): Conv2d(32, 64, kernel_size=(3, 3), stride=(1, 1), padding=(1, 2))
              (1): Chomp()
              (2): Dropout(p=0.0, inplace=False)
            )
            (shortcut): Conv2d(32, 64, kernel_size=(1, 1), stride=(1, 1))
          )
          (tcn2): TcnBlock(
            (conv): Conv2d(64, 64, kernel_size=(3, 3), stride=(1, 1), padding=(1, 2))
            (chomp): Chomp()
            (drop): Dropout(p=0.0, inplace=False)
            (net): Sequential(
              (0): Conv2d(64, 64, kernel_size=(3, 3), stride=(1, 1), padding=(1, 2))
              (1): Chomp()
              (2): Dropout(p=0.0, inplace=False)
            )
          )
          (shortcut): Conv2d(32, 64, kernel_size=(1, 1), stride=(1, 1))
          (t_conv): Conv2d(32, 64, kernel_size=(1, 1), stride=(1, 1))
          (spatial): SpatialBlock()
          (norm): LayerNorm((170, 64), eps=1e-05, elementwise_affine=True)
        )
      )
      (4): DownBlock(
        (res): ResidualBlock(
          (tcn1): TcnBlock(
            (conv): Conv2d(64, 64, kernel_size=(3, 3), stride=(1, 1), padding=(1, 2))
            (chomp): Chomp()
            (drop): Dropout(p=0.0, inplace=False)
            (net): Sequential(
              (0): Conv2d(64, 64, kernel_size=(3, 3), stride=(1, 1), padding=(1, 2))
              (1): Chomp()
              (2): Dropout(p=0.0, inplace=False)
            )
          )
          (tcn2): TcnBlock(
            (conv): Conv2d(64, 64, kernel_size=(3, 3), stride=(1, 1), padding=(1, 2))
            (chomp): Chomp()
            (drop): Dropout(p=0.0, inplace=False)
            (net): Sequential(
              (0): Conv2d(64, 64, kernel_size=(3, 3), stride=(1, 1), padding=(1, 2))
              (1): Chomp()
              (2): Dropout(p=0.0, inplace=False)
            )
          )
          (shortcut): Identity()
          (t_conv): Conv2d(32, 64, kernel_size=(1, 1), stride=(1, 1))
          (spatial): SpatialBlock()
          (norm): LayerNorm((170, 64), eps=1e-05, elementwise_affine=True)
        )
      )
    )
    (middle): MiddleBlock(
      (res1): ResidualBlock(
        (tcn1): TcnBlock(
          (conv): Conv2d(64, 64, kernel_size=(3, 3), stride=(1, 1), padding=(1, 2))
          (chomp): Chomp()
          (drop): Dropout(p=0.0, inplace=False)
          (net): Sequential(
            (0): Conv2d(64, 64, kernel_size=(3, 3), stride=(1, 1), padding=(1, 2))
            (1): Chomp()
            (2): Dropout(p=0.0, inplace=False)
          )
        )
        (tcn2): TcnBlock(
          (conv): Conv2d(64, 64, kernel_size=(3, 3), stride=(1, 1), padding=(1, 2))
          (chomp): Chomp()
          (drop): Dropout(p=0.0, inplace=False)
          (net): Sequential(
            (0): Conv2d(64, 64, kernel_size=(3, 3), stride=(1, 1), padding=(1, 2))
            (1): Chomp()
            (2): Dropout(p=0.0, inplace=False)
          )
        )
        (shortcut): Identity()
        (t_conv): Conv2d(32, 64, kernel_size=(1, 1), stride=(1, 1))
        (spatial): SpatialBlock()
        (norm): LayerNorm((170, 64), eps=1e-05, elementwise_affine=True)
      )
      (res2): ResidualBlock(
        (tcn1): TcnBlock(
          (conv): Conv2d(64, 64, kernel_size=(3, 3), stride=(1, 1), padding=(1, 2))
          (chomp): Chomp()
          (drop): Dropout(p=0.0, inplace=False)
          (net): Sequential(
            (0): Conv2d(64, 64, kernel_size=(3, 3), stride=(1, 1), padding=(1, 2))
            (1): Chomp()
            (2): Dropout(p=0.0, inplace=False)
          )
        )
        (tcn2): TcnBlock(
          (conv): Conv2d(64, 64, kernel_size=(3, 3), stride=(1, 1), padding=(1, 2))
          (chomp): Chomp()
          (drop): Dropout(p=0.0, inplace=False)
          (net): Sequential(
            (0): Conv2d(64, 64, kernel_size=(3, 3), stride=(1, 1), padding=(1, 2))
            (1): Chomp()
            (2): Dropout(p=0.0, inplace=False)
          )
        )
        (shortcut): Identity()
        (t_conv): Conv2d(32, 64, kernel_size=(1, 1), stride=(1, 1))
        (spatial): SpatialBlock()
        (norm): LayerNorm((170, 64), eps=1e-05, elementwise_affine=True)
      )
    )
    (up): ModuleList(
      (0-1): 2 x UpBlock(
        (res): ResidualBlock(
          (tcn1): TcnBlock(
            (conv): Conv2d(128, 64, kernel_size=(3, 3), stride=(1, 1), padding=(1, 2))
            (chomp): Chomp()
            (drop): Dropout(p=0.0, inplace=False)
            (net): Sequential(
              (0): Conv2d(128, 64, kernel_size=(3, 3), stride=(1, 1), padding=(1, 2))
              (1): Chomp()
              (2): Dropout(p=0.0, inplace=False)
            )
            (shortcut): Conv2d(128, 64, kernel_size=(1, 1), stride=(1, 1))
          )
          (tcn2): TcnBlock(
            (conv): Conv2d(64, 64, kernel_size=(3, 3), stride=(1, 1), padding=(1, 2))
            (chomp): Chomp()
            (drop): Dropout(p=0.0, inplace=False)
            (net): Sequential(
              (0): Conv2d(64, 64, kernel_size=(3, 3), stride=(1, 1), padding=(1, 2))
              (1): Chomp()
              (2): Dropout(p=0.0, inplace=False)
            )
          )
          (shortcut): Conv2d(128, 64, kernel_size=(1, 1), stride=(1, 1))
          (t_conv): Conv2d(32, 64, kernel_size=(1, 1), stride=(1, 1))
          (spatial): SpatialBlock()
          (norm): LayerNorm((170, 64), eps=1e-05, elementwise_affine=True)
        )
      )
      (2): UpBlock(
        (res): ResidualBlock(
          (tcn1): TcnBlock(
            (conv): Conv2d(96, 32, kernel_size=(3, 3), stride=(1, 1), padding=(1, 2))
            (chomp): Chomp()
            (drop): Dropout(p=0.0, inplace=False)
            (net): Sequential(
              (0): Conv2d(96, 32, kernel_size=(3, 3), stride=(1, 1), padding=(1, 2))
              (1): Chomp()
              (2): Dropout(p=0.0, inplace=False)
            )
            (shortcut): Conv2d(96, 32, kernel_size=(1, 1), stride=(1, 1))
          )
          (tcn2): TcnBlock(
            (conv): Conv2d(32, 32, kernel_size=(3, 3), stride=(1, 1), padding=(1, 2))
            (chomp): Chomp()
            (drop): Dropout(p=0.0, inplace=False)
            (net): Sequential(
              (0): Conv2d(32, 32, kernel_size=(3, 3), stride=(1, 1), padding=(1, 2))
              (1): Chomp()
              (2): Dropout(p=0.0, inplace=False)
            )
          )
          (shortcut): Conv2d(96, 32, kernel_size=(1, 1), stride=(1, 1))
          (t_conv): Conv2d(32, 32, kernel_size=(1, 1), stride=(1, 1))
          (spatial): SpatialBlock()
          (norm): LayerNorm((170, 32), eps=1e-05, elementwise_affine=True)
        )
      )
      (3): Upsample(
        (conv): ConvTranspose2d(32, 32, kernel_size=(1, 4), stride=(1, 2), padding=(0, 1))
      )
      (4-6): 3 x UpBlock(
        (res): ResidualBlock(
          (tcn1): TcnBlock(
            (conv): Conv2d(64, 32, kernel_size=(3, 3), stride=(1, 1), padding=(1, 2))
            (chomp): Chomp()
            (drop): Dropout(p=0.0, inplace=False)
            (net): Sequential(
              (0): Conv2d(64, 32, kernel_size=(3, 3), stride=(1, 1), padding=(1, 2))
              (1): Chomp()
              (2): Dropout(p=0.0, inplace=False)
            )
            (shortcut): Conv2d(64, 32, kernel_size=(1, 1), stride=(1, 1))
          )
          (tcn2): TcnBlock(
            (conv): Conv2d(32, 32, kernel_size=(3, 3), stride=(1, 1), padding=(1, 2))
            (chomp): Chomp()
            (drop): Dropout(p=0.0, inplace=False)
            (net): Sequential(
              (0): Conv2d(32, 32, kernel_size=(3, 3), stride=(1, 1), padding=(1, 2))
              (1): Chomp()
              (2): Dropout(p=0.0, inplace=False)
            )
          )
          (shortcut): Conv2d(64, 32, kernel_size=(1, 1), stride=(1, 1))
          (t_conv): Conv2d(32, 32, kernel_size=(1, 1), stride=(1, 1))
          (spatial): SpatialBlock()
          (norm): LayerNorm((170, 32), eps=1e-05, elementwise_affine=True)
        )
      )
    )
    (x_proj): Conv2d(1, 32, kernel_size=(1, 1), stride=(1, 1))
    (out): Sequential(
      (0): Conv2d(32, 1, kernel_size=(1, 1), stride=(1, 1))
      (1): Linear(in_features=48, out_features=24, bias=True)
    )
  )
)Num_of_parameters:996793
      |---Train--- |---Val Future-- -|-----Val History----|
Epoch | Loss  Time | MAE     RMSE    |  MAE    RMSE   Time|
   1.0| 1.822 72.5s   2.0| 0.838 69.8s   3.0| 0.754 70.9s   4.0| 0.935 76.9s   5.0| 0.853 76.7s   6.0| 0.732 74.2s   7.0| 0.735 74.6s   8.0| 0.667 76.5s   9.0| 0.686 72.6s  10.0| 0.641 76.8s  11.0| 0.629 73.4s  12.0| 0.605 75.7s  13.0| 0.598 74.0s  14.0| 0.599 74.9s  15.0| 0.608 75.6s  16.0| 0.571 75.7s  17.0| 0.870 73.1s  18.0| 0.639 77.5s  19.0| 0.574 73.9s  20.0| 0.569 74.3s  21.0| 0.689 76.7s |[60.63  84.08  ] | 3.99   6.09   642.04s
  22.0| 0.585 74.6s | 74.33  106.41  | 3.38   4.60   634.77s
  23.0| 0.579 78.0s | 65.09  91.10   | 3.29   4.71   626.58s
  24.0| 0.576 78.0s | 67.60  94.82   | 3.23   4.39   626.86s
  25.0| 0.574 77.6s | 67.52  95.96   | 4.22   5.31   622.96s
  26.0| 0.570 78.2s | 60.84  84.14   | 4.55   5.48   622.56s
  27.0| 0.567 75.2s |[56.65  78.41  ] | 5.02   5.83   622.10s
  28.0| 0.564 72.3s |[52.41  73.38  ] | 3.41   4.25   623.46s
  29.0| 0.561 75.6s |[52.23  72.94  ] | 3.41   4.20   625.03s
  30.0| 0.558 76.0s |[51.70  74.09  ] | 2.16   2.88   626.19s
  31.0| 0.556 69.5s | 54.51  77.63   | 2.28   2.97   625.69s
  32.0| 0.554 77.9s |[48.54  69.89  ] | 1.97   2.62   624.08s
  33.0| 0.551 71.2s | 50.04  72.03   | 1.88   2.46   624.84s
  34.0| 0.550 78.5s | 49.41  70.75   | 1.82   2.42   623.47s
  35.0| 0.547 78.0s | 49.81  68.89   | 2.32   3.00   624.49s
  36.0| 0.545 77.1s | 48.67  70.55   | 1.67   2.16   623.50s
  37.0| 0.545 78.9s |[42.50  60.51  ] | 1.87   2.41   624.35s
  38.0| 0.542 74.2s | 46.18  65.45   | 1.97   2.56   622.25s
  39.0| 0.540 76.0s | 47.06  66.24   | 2.37   3.05   623.06s
  40.0| 0.539 75.2s |[42.22  61.01  ] | 1.91   2.53   623.92s
  41.0| 0.537 78.5s |[40.62  58.19  ] | 1.85   2.43   621.91s
  42.0| 0.536 76.4s |[37.71  53.82  ] | 1.94   2.56   623.45s
  43.0| 0.534 74.0s |[35.51  50.87  ] | 1.70   2.24   623.22s
  44.0| 0.533 74.0s |[34.31  49.44  ] | 2.06   2.69   625.21s
  45.0| 0.531 78.6s |[33.19  48.15  ] | 1.75   2.28   624.68s
  46.0| 0.530 78.0s | 35.66  51.46   | 1.83   2.46   624.74s
  47.0| 0.528 76.2s | 33.70  48.56   | 1.85   2.44   622.02s
  48.0| 0.526 76.7s | 33.24  48.04   | 1.67   2.20   621.06s
  49.0| 0.525 75.0s | 35.78  51.65   | 1.49   1.92   620.47s
  50.0| 0.524 71.3s |[33.10  47.71  ] | 1.70   2.27   624.33s
  51.0| 0.523 77.6s |[33.09  47.65  ] | 2.01   2.73   627.56s
  52.0| 0.520 78.7s |[32.30  47.02  ] | 1.71   2.32   626.58s
  53.0| 0.520 75.4s | 34.82  50.53   | 1.70   2.26   630.23s
  54.0| 0.517 72.2s | 34.06  49.31   | 1.60   2.09   631.05s
  55.0| 0.517 74.1s |[31.04  45.21  ] | 1.65   2.17   628.18s
  56.0| 0.515 75.0s | 32.08  46.80   | 1.59   2.06   627.64s
  57.0| 0.513 71.1s | 32.39  46.96   | 1.61   2.10   625.76s
  58.0| 0.512 76.2s | 34.31  49.38   | 1.64   2.14   624.98s
  59.0| 0.511 76.6s | 32.53  47.25   | 1.69   2.24   626.32s
  60.0| 0.510 76.0s | 34.76  50.10   | 1.75   2.33   628.43s
  61.0| 0.508 80.2s | 35.95  52.33   | 1.68   2.19   622.49s
  62.0| 0.491 68.4s |[30.48  44.33  ] | 1.46   1.85   625.96s
  63.0| 0.486 76.1s |[29.21  42.79  ] | 1.43   1.81   622.47s
  64.0| 0.483 76.4s |[28.69  42.28  ] | 1.43   1.81   625.10s
  65.0| 0.481 75.1s |[28.59  42.08  ] | 1.40   1.77   622.72s
  66.0| 0.478 73.0s |[27.88  41.19  ] | 1.39   1.76   625.35s
  67.0| 0.476 76.6s |[27.18  40.37  ] | 1.42   1.81   622.95s
  68.0| 0.475 74.5s | 27.63  41.15   | 1.37   1.74   624.69s
  69.0| 0.473 69.9s | 27.91  41.34   | 1.40   1.77   622.93s
  70.0| 0.472 72.6s | 27.37  40.88   | 1.39   1.76   622.55s
  71.0| 0.470 70.3s | 27.93  41.39   | 1.42   1.82   627.12s
  72.0| 0.469 65.8s | 27.63  41.07   | 1.39   1.77   627.15s
  73.0| 0.468 69.5s | 27.76  41.19   | 1.41   1.79   626.23s
  74.0| 0.462 73.3s |[27.07  40.57  ] | 1.31   1.66   623.88s
  75.0| 0.458 72.9s | 27.35  40.78   | 1.30   1.64   625.84s
  76.0| 0.456 74.9s | 27.20  40.62   | 1.29   1.63   630.40s
  77.0| 0.454 75.1s |[26.99  40.39  ] | 1.29   1.62   624.59s
  78.0| 0.452 75.3s | 27.08  40.43   | 1.29   1.62   627.33s
  79.0| 0.450 74.5s |[26.55  39.78  ] | 1.28   1.62   626.83s
  80.0| 0.449 71.6s | 26.56  39.77   | 1.28   1.61   628.54s
  81.0| 0.448 76.2s | 26.73  39.96   | 1.28   1.61   628.32s
  82.0| 0.446 73.9s | 26.58  39.80   | 1.27   1.60   631.63s
  83.0| 0.445 76.0s | 26.74  39.94   | 1.28   1.61   627.62s
  84.0| 0.444 76.6s | 26.71  39.89   | 1.28   1.61   626.28s
  85.0| 0.443 71.8s | 26.97  40.12   | 1.30   1.64   627.57s
  86.0| 0.443 66.0s |[25.63  38.62  ] | 1.29   1.63   628.13s
  87.0| 0.441 71.6s |[25.62  38.62  ] | 1.28   1.61   627.65s
  88.0| 0.439 71.8s |[25.59  38.56  ] | 1.28   1.61   628.66s
  89.0| 0.438 71.5s |[25.54  38.50  ] | 1.28   1.61   628.12s
  90.0| 0.436 71.3s |[25.51  38.47  ] | 1.27   1.60   627.23s
  91.0| 0.435 70.9s |[25.50  38.49  ] | 1.27   1.61   625.96s
  92.0| 0.434 71.4s |[25.48  38.45  ] | 1.27   1.60   628.69s
  93.0| 0.433 72.2s | 25.49  38.46   | 1.27   1.60   625.86s
  94.0| 0.432 72.1s |[25.45  38.41  ] | 1.27   1.60   627.47s
  95.0| 0.431 73.0s |[25.44  38.39  ] | 1.27   1.60   624.37s
  96.0| 0.430 71.5s |[25.43  38.39  ] | 1.27   1.59   624.25s
  97.0| 0.430 66.1s |[25.43  38.41  ] | 1.27   1.60   629.34s
  98.0| 0.429 67.4s |[25.41  38.38  ] | 1.26   1.59   628.00s
  99.0| 0.428 70.8s | 25.46  38.46   | 1.26   1.58   627.74s
 100.0| 0.427 67.4s | 25.44  38.43   | 1.26   1.59   629.63s
 101.0| 0.427 64.3s | 25.49  38.49   | 1.26   1.59   627.81s
 102.0| 0.426 62.8s | 25.49  38.49   | 1.26   1.59   629.13s
 103.0| 0.425 67.4s | 25.51  38.51   | 1.25   1.57   627.38s
 104.0| 0.425 70.7s | 25.48  38.52   | 1.25   1.58   625.67s
 105.0| 0.427 75.8s |[25.30  38.21  ] | 1.24   1.56   624.45s
 106.0| 0.426 75.5s |[25.27  38.21  ] | 1.23   1.55   621.70s
 107.0| 0.425 74.5s |[25.25  38.21  ] | 1.23   1.55   622.18s
 108.0| 0.425 71.4s |[25.25  38.20  ] | 1.23   1.55   624.71s
 109.0| 0.424 72.6s | 25.26  38.23   | 1.23   1.55   627.77s
 110.0| 0.423 74.1s | 25.26  38.23   | 1.23   1.55   625.31s
 111.0| 0.422 72.9s | 25.26  38.25   | 1.23   1.55   624.62s
 112.0| 0.422 76.4s | 25.27  38.25   | 1.23   1.55   625.38s
 113.0| 0.421 75.3s | 25.27  38.26   | 1.23   1.54   624.51s
 114.0| 0.421 71.1s | 25.29  38.29   | 1.23   1.54   622.00s
 115.0| 0.424 73.5s |[25.10  38.03  ] | 1.22   1.53   622.74s
 116.0| 0.423 75.5s | 25.10  38.04   | 1.22   1.53   626.11s
 117.0| 0.423 74.2s |[25.10  38.04  ] | 1.22   1.53   625.05s
 118.0| 0.422 75.0s |[25.09  38.02  ] | 1.21   1.53   622.83s
 119.0| 0.421 77.1s |[25.09  38.02  ] | 1.21   1.53   620.67s
 120.0| 0.421 75.1s |[25.08  38.02  ] | 1.21   1.53   624.10s
 121.0| 0.420 74.2s |[25.08  38.01  ] | 1.21   1.53   623.58s
 122.0| 0.420 75.9s |[25.07  37.99  ] | 1.21   1.53   619.78s
 123.0| 0.420 75.6s | 25.07  38.00   | 1.21   1.52   620.48s
 124.0| 0.419 72.9s |[25.07  37.99  ] | 1.21   1.52   620.47s
 125.0| 0.419 75.8s | 25.07  38.00   | 1.21   1.52   622.71s
 126.0| 0.418 74.2s | 25.08  38.01   | 1.21   1.52   621.42s
 127.0| 0.418 73.4s | 25.08  38.00   | 1.21   1.52   620.23s
 128.0| 0.418 76.0s | 25.08  38.01   | 1.21   1.52   620.17s
 129.0| 0.421 76.8s | 25.07  37.94   | 1.22   1.53   619.39s
 130.0| 0.420 74.9s |[25.06  37.92  ] | 1.22   1.53   619.59s
 131.0| 0.420 75.4s |[25.05  37.91  ] | 1.22   1.53   619.41s
 132.0| 0.420 71.5s |[25.05  37.91  ] | 1.21   1.53   952.48s
 133.0| 0.419 75.6s |[25.05  37.91  ] | 1.21   1.53   624.02s
 134.0| 0.419 69.8s |[25.04  37.90  ] | 1.21   1.53   620.02s
 135.0| 0.419 79.9s | 25.04  37.90   | 1.21   1.53   1097.52s
 136.0| 0.418 79.9s |[25.03  37.90  ] | 1.21   1.53   753.15s
